# JMH version: 1.37
# VM version: JDK 21.0.12-internal, OpenJDK 64-Bit Server VM, 21.0.12-internal-adhoc.root.src
# VM invoker: /home/ubuntu/ebpf-vthread-correlate/.vthread-jdk/jdk/bin/java
# VM options: --enable-preview --enable-native-access=ALL-UNNAMED -XX:-VThreadTraceProbes
# Blackhole mode: compiler (auto-detected, use -Djmh.blackhole.autoDetect=false to disable)
# Warmup: 5 iterations, 10 s each
# Measurement: 5 iterations, 10 s each
# Timeout: 10 min per iteration
# Threads: 1 thread, will synchronize iterations
# Benchmark mode: Average time, time/op
# Benchmark: uk.ac.ncl.jensen.benchmark.VThreadTransitionBenchmark.transition_yield
# Parameters: (yieldsPerVthread = 10000)

# Run progress: 0.00% complete, ETA 00:08:20
# Fork: 1 of 5
# Warmup Iteration   1: 9462.933 us/op
# Warmup Iteration   2: 9108.864 us/op
# Warmup Iteration   3: 9265.768 us/op
# Warmup Iteration   4: 9239.529 us/op
# Warmup Iteration   5: 9262.443 us/op
Iteration   1: 9065.111 us/op
Iteration   2: 8874.795 us/op
Iteration   3: 8870.055 us/op
Iteration   4: 8888.700 us/op
Iteration   5: 8850.191 us/op

# Run progress: 20.00% complete, ETA 00:06:41
# Fork: 2 of 5
# Warmup Iteration   1: 8953.485 us/op
# Warmup Iteration   2: 8661.200 us/op
# Warmup Iteration   3: 8760.952 us/op
# Warmup Iteration   4: 8771.196 us/op
# Warmup Iteration   5: 8732.734 us/op
Iteration   1: 8476.301 us/op
Iteration   2: 8368.866 us/op
Iteration   3: 8358.049 us/op
Iteration   4: 8375.584 us/op
Iteration   5: 8393.543 us/op

# Run progress: 40.00% complete, ETA 00:05:00
# Fork: 3 of 5
# Warmup Iteration   1: 8909.562 us/op
# Warmup Iteration   2: 8715.880 us/op
# Warmup Iteration   3: 8809.177 us/op
# Warmup Iteration   4: 8819.813 us/op
# Warmup Iteration   5: 8798.238 us/op
Iteration   1: 8513.074 us/op
Iteration   2: 8525.069 us/op
Iteration   3: 8418.084 us/op
Iteration   4: 8470.573 us/op
Iteration   5: 8434.480 us/op

# Run progress: 60.00% complete, ETA 00:03:20
# Fork: 4 of 5
# Warmup Iteration   1: 9318.960 us/op
# Warmup Iteration   2: 8915.179 us/op
# Warmup Iteration   3: 9028.307 us/op
# Warmup Iteration   4: 9038.356 us/op
# Warmup Iteration   5: 9048.983 us/op
Iteration   1: 8739.888 us/op
Iteration   2: 8604.769 us/op
Iteration   3: 8555.548 us/op
Iteration   4: 8528.842 us/op
Iteration   5: 8584.239 us/op

# Run progress: 80.00% complete, ETA 00:01:40
# Fork: 5 of 5
# Warmup Iteration   1: 9081.663 us/op
# Warmup Iteration   2: 8865.247 us/op
# Warmup Iteration   3: 8937.005 us/op
# Warmup Iteration   4: 8904.350 us/op
# Warmup Iteration   5: 8894.869 us/op
Iteration   1: 8723.730 us/op
Iteration   2: 8634.511 us/op
Iteration   3: 8619.305 us/op
Iteration   4: 8632.914 us/op
Iteration   5: 8567.973 us/op


Result "uk.ac.ncl.jensen.benchmark.VThreadTransitionBenchmark.transition_yield":
  8602.968 ±(99.9%) 142.376 us/op [Average]
  (min, avg, max) = (8358.049, 8602.968, 9065.111), stdev = 190.068
  CI (99.9%): [8460.592, 8745.344] (assumes normal distribution)


# Run complete. Total time: 00:08:21

REMEMBER: The numbers below are just data. To gain reusable insights, you need to follow up on
why the numbers are the way they are. Use profilers (see -prof, -lprof), design factorial
experiments, perform baseline and negative tests that provide experimental control, make sure
the benchmarking environment is safe on JVM/OS/HW level, ask for reviews from the domain experts.
Do not assume the numbers tell you what you want them to tell.

NOTE: Current JVM experimentally supports Compiler Blackholes, and they are in use. Please exercise
extra caution when trusting the results, look into the generated code to check the benchmark still
works, and factor in a small probability of new VM bugs. Additionally, while comparisons between
different JVMs are already problematic, the performance difference caused by different Blackhole
modes can be very significant. Please make sure you use the consistent Blackhole mode for comparisons.

Benchmark                                    (yieldsPerVthread)  Mode  Cnt     Score     Error  Units
VThreadTransitionBenchmark.transition_yield               10000  avgt   25  8602.968 ± 142.376  us/op
