# JMH version: 1.37
# VM version: JDK 21.0.12-internal, OpenJDK 64-Bit Server VM, 21.0.12-internal-adhoc.jie.jdk21u
# VM invoker: /home/jie/csc8499/jdk21u/build/release-flag/images/jdk/bin/java
# VM options: --enable-preview --enable-native-access=ALL-UNNAMED -XX:-VThreadTraceProbes
# Blackhole mode: compiler (auto-detected, use -Djmh.blackhole.autoDetect=false to disable)
# Warmup: 3 iterations, 1 s each
# Measurement: 5 iterations, 1 s each
# Timeout: 10 min per iteration
# Threads: 1 thread, will synchronize iterations
# Benchmark mode: Average time, time/op
# Benchmark: uk.ac.ncl.jensen.benchmark.VThreadTransitionBenchmark.transition_yield
# Parameters: (yieldsPerVthread = 10000)

# Run progress: 0.00% complete, ETA 00:00:16
# Fork: 1 of 2
# Warmup Iteration   1: 11775.587 us/op
# Warmup Iteration   2: 10674.667 us/op
# Warmup Iteration   3: 10031.974 us/op
Iteration   1: 9914.162 us/op
Iteration   2: 10174.675 us/op
Iteration   3: 12200.213 us/op
Iteration   4: 12983.114 us/op
Iteration   5: 12386.909 us/op

# Run progress: 50.00% complete, ETA 00:00:08
# Fork: 2 of 2
# Warmup Iteration   1: 11416.400 us/op
# Warmup Iteration   2: 10508.118 us/op
# Warmup Iteration   3: 9885.983 us/op
Iteration   1: 9388.842 us/op
Iteration   2: 8807.400 us/op
Iteration   3: 12351.985 us/op
Iteration   4: 12662.756 us/op
Iteration   5: 12469.291 us/op


Result "uk.ac.ncl.jensen.benchmark.VThreadTransitionBenchmark.transition_yield":
  11333.935 ±(99.9%) 2374.285 us/op [Average]
  (min, avg, max) = (8807.400, 11333.935, 12983.114), stdev = 1570.443
  CI (99.9%): [8959.649, 13708.220] (assumes normal distribution)


# Run complete. Total time: 00:00:16

REMEMBER: The numbers below are just data. To gain reusable insights, you need to follow up on
why the numbers are the way they are. Use profilers (see -prof, -lprof), design factorial
experiments, perform baseline and negative tests that provide experimental control, make sure
the benchmarking environment is safe on JVM/OS/HW level, ask for reviews from the domain experts.
Do not assume the numbers tell you what you want them to tell.

NOTE: Current JVM experimentally supports Compiler Blackholes, and they are in use. Please exercise
extra caution when trusting the results, look into the generated code to check the benchmark still
works, and factor in a small probability of new VM bugs. Additionally, while comparisons between
different JVMs are already problematic, the performance difference caused by different Blackhole
modes can be very significant. Please make sure you use the consistent Blackhole mode for comparisons.

Benchmark                                    (yieldsPerVthread)  Mode  Cnt      Score      Error  Units
VThreadTransitionBenchmark.transition_yield               10000  avgt   10  11333.935 ± 2374.285  us/op
