Attached 50 probes
ebpf-vthread-correlate: tracing started
  Program: correlate-probesonly (freeze/thaw perf path: cache + counters, no buffer deref)
  USDT source: /home/jie/csc8499/jdk21u/build/release-flag/images/jdk/lib/server/libjvm.so

ebpf-vthread-correlate: tracing stopped — summary follows


@cache_delete: 5159783
@cache_insert: 5321377
@carriers[3339639]: 215396
@carriers[3339509]: 216622
@carriers[3339630]: 216760
@carriers[3339635]: 217412
@carriers[3339628]: 217744
@carriers[3339513]: 217971
@carriers[3339514]: 218047
@carriers[3339516]: 218098
@carriers[3339508]: 219840
@carriers[3339632]: 220316
@carriers[3339638]: 220907
@carriers[3339634]: 221392
@carriers[3339633]: 221455
@carriers[3339510]: 222911
@carriers[3339629]: 223658
@carriers[3339511]: 223686
@carriers[3339631]: 223789
@carriers[3339517]: 224181
@carriers[3339637]: 224863
@carriers[3339512]: 225158
@carriers[3339507]: 225436
@carriers[3339518]: 225520
@carriers[3339636]: 226108
@carriers[3339515]: 234107
@freeze_failed_kept: 0
@freeze_result[0]: 5160000
@freeze_total: 5160000
@freeze_unmatched: 217
@pinned_total: 0
@thaw_kind[1]: 161377
@thaw_kind[0]: 5160000
@thaw_nullbuf: 5321377
@thaw_total: 5321377
