Attaching 52 probes...
ebpf-vthread-correlate: tracing started
  Program: correlate-probesonly (freeze/thaw perf path: cache + counters, no buffer deref)
  USDT source: /home/ubuntu/ebpf-vthread-correlate/.vthread-jdk/jdk/lib/server/libjvm.so

ebpf-vthread-correlate: tracing stopped — summary follows


@cache_delete: 9780978
@cache_insert: 9780978
@carriers[5905]: 4
@carriers[5890]: 4
@carriers[5887]: 4
@carriers[5964]: 4
@carriers[5886]: 4
@carriers[5888]: 4
@carriers[5817]: 4
@carriers[5758]: 4
@carriers[5907]: 4
@carriers[5820]: 4
@carriers[5744]: 8
@carriers[5885]: 8
@carriers[5889]: 8
@carriers[5826]: 8
@carriers[5961]: 8
@carriers[5970]: 8
@carriers[5969]: 12
@carriers[5754]: 12
@carriers[5750]: 12
@carriers[5906]: 12
@carriers[5745]: 12
@carriers[5752]: 12
@carriers[5968]: 12
@carriers[5737]: 16
@carriers[5893]: 16
@carriers[5729]: 17
@carriers[5761]: 20
@carriers[5821]: 20
@carriers[5878]: 24
@carriers[5891]: 24
@carriers[5877]: 28
@carriers[5895]: 28
@carriers[5763]: 28
@carriers[5967]: 32
@carriers[5718]: 35
@carriers[5959]: 44
@carriers[5963]: 52
@carriers[5962]: 52
@carriers[5866]: 52
@carriers[5864]: 61
@carriers[5874]: 100
@carriers[5730]: 116
@carriers[5760]: 160
@carriers[5748]: 176
@carriers[5876]: 180
@carriers[5870]: 207
@carriers[5725]: 221
@carriers[5759]: 240
@carriers[5871]: 252
@carriers[5720]: 263
@carriers[5873]: 319
@carriers[5719]: 516
@carriers[5875]: 10394
@carriers[5880]: 18050
@carriers[5738]: 20339
@carriers[5991]: 21963
@carriers[5731]: 22677
@carriers[5747]: 24766
@carriers[5723]: 27260
@carriers[5993]: 27649
@carriers[5985]: 29639
@carriers[5982]: 35188
@carriers[5749]: 37789
@carriers[5822]: 39133
@carriers[5757]: 40060
@carriers[5994]: 45046
@carriers[5899]: 47549
@carriers[5753]: 47694
@carriers[5977]: 49234
@carriers[5751]: 49851
@carriers[5894]: 57249
@carriers[5828]: 59994
@carriers[5988]: 61087
@carriers[5884]: 63165
@carriers[5975]: 66593
@carriers[5904]: 66915
@carriers[5722]: 69062
@carriers[5735]: 69847
@carriers[5984]: 71160
@carriers[5897]: 72039
@carriers[5764]: 73471
@carriers[5879]: 74282
@carriers[5726]: 74291
@carriers[5881]: 80039
@carriers[5989]: 80855
@carriers[5827]: 84314
@carriers[5978]: 85073
@carriers[5867]: 85492
@carriers[5980]: 92530
@carriers[5990]: 96211
@carriers[5883]: 98776
@carriers[5818]: 108012
@carriers[5740]: 110971
@carriers[5909]: 112328
@carriers[5986]: 113293
@carriers[5882]: 114418
@carriers[5721]: 120425
@carriers[5898]: 122917
@carriers[5972]: 123429
@carriers[5900]: 123448
@carriers[5743]: 127027
@carriers[5974]: 129045
@carriers[5992]: 129638
@carriers[5902]: 132581
@carriers[5971]: 132786
@carriers[5724]: 132897
@carriers[5903]: 132988
@carriers[5987]: 133484
@carriers[5736]: 137112
@carriers[5746]: 142006
@carriers[5734]: 149489
@carriers[5896]: 151964
@carriers[5732]: 153511
@carriers[5728]: 155031
@carriers[5868]: 155836
@carriers[5762]: 155878
@carriers[5756]: 157524
@carriers[5742]: 158919
@carriers[5814]: 163069
@carriers[5979]: 166769
@carriers[5824]: 170256
@carriers[5973]: 171008
@carriers[5825]: 173415
@carriers[5981]: 177820
@carriers[5815]: 181684
@carriers[5741]: 182090
@carriers[5901]: 182644
@carriers[5869]: 184097
@carriers[5816]: 188261
@carriers[5829]: 196803
@carriers[5865]: 215598
@carriers[5976]: 219129
@carriers[5819]: 231084
@carriers[5727]: 233796
@carriers[5892]: 238972
@carriers[5983]: 249888
@carriers[5755]: 287076
@carriers[5765]: 328915
@end_total: 978
@end_unmatched: 0
@freeze_failed_kept: 0
@freeze_result[0]: 9780000
@freeze_total: 9780000
@freeze_unmatched: 0
@pinned_total: 0
@start_total: 978
@thaw_kind[1]: 159528
@thaw_kind[0]: 9780000
@thaw_nullbuf: 9939528
@thaw_top: 9780000
@thaw_total: 9939528


