Attaching 52 probes...
ebpf-vthread-correlate: tracing started
  Program: correlate-probesonly (freeze/thaw perf path: cache + counters, no buffer deref)
  USDT source: /home/ubuntu/ebpf-vthread-correlate/.vthread-jdk/jdk/lib/server/libjvm.so

ebpf-vthread-correlate: tracing stopped — summary follows


@cache_delete: 2948617
@cache_insert: 2948617
@carriers[8231]: 4
@carriers[8251]: 8
@carriers[8241]: 10
@carriers[8351]: 14
@carriers[8308]: 14
@carriers[8217]: 16
@carriers[8324]: 18
@carriers[8333]: 20
@carriers[8346]: 22
@carriers[8322]: 26
@carriers[8349]: 34
@carriers[8253]: 34
@carriers[8254]: 36
@carriers[8352]: 42
@carriers[8223]: 46
@carriers[8318]: 48
@carriers[8317]: 48
@carriers[8338]: 48
@carriers[8304]: 50
@carriers[8347]: 52
@carriers[8329]: 54
@carriers[8342]: 54
@carriers[8348]: 54
@carriers[8252]: 56
@carriers[8237]: 60
@carriers[8341]: 60
@carriers[8312]: 62
@carriers[8244]: 69
@carriers[8310]: 70
@carriers[8306]: 78
@carriers[8216]: 82
@carriers[8332]: 84
@carriers[8350]: 86
@carriers[8248]: 92
@carriers[8328]: 92
@carriers[8250]: 92
@carriers[8249]: 100
@carriers[8319]: 100
@carriers[8334]: 106
@carriers[8313]: 124
@carriers[8238]: 127
@carriers[8236]: 128
@carriers[8245]: 128
@carriers[8325]: 130
@carriers[8235]: 138
@carriers[8337]: 146
@carriers[8225]: 146
@carriers[8315]: 150
@carriers[8331]: 150
@carriers[8307]: 152
@carriers[8309]: 154
@carriers[8240]: 154
@carriers[8242]: 158
@carriers[8205]: 166
@carriers[8215]: 167
@carriers[8220]: 173
@carriers[8234]: 192
@carriers[8212]: 196
@carriers[8320]: 198
@carriers[8219]: 199
@carriers[8232]: 200
@carriers[8340]: 204
@carriers[8233]: 206
@carriers[8239]: 218
@carriers[8321]: 230
@carriers[8247]: 278
@carriers[8314]: 302
@carriers[8222]: 328
@carriers[8221]: 466
@carriers[8208]: 641
@carriers[8206]: 1037
@carriers[8326]: 2322
@carriers[8226]: 2430
@carriers[8345]: 3632
@carriers[8214]: 4183
@carriers[8203]: 5962
@carriers[8204]: 11470
@carriers[8218]: 23856
@carriers[8323]: 32330
@carriers[8224]: 47855
@carriers[8343]: 52429
@carriers[8311]: 53431
@carriers[8327]: 56814
@carriers[8303]: 80489
@carriers[8305]: 81124
@carriers[8243]: 92855
@carriers[8230]: 125152
@carriers[8213]: 140366
@carriers[8207]: 185938
@carriers[8246]: 203419
@carriers[8335]: 288196
@carriers[8316]: 292754
@carriers[8339]: 294274
@carriers[8344]: 295832
@carriers[8330]: 299206
@carriers[8336]: 344872
@end_total: 308
@end_unmatched: 0
@freeze_failed_kept: 0
@freeze_result[0]: 2948309
@freeze_total: 2948309
@freeze_unmatched: 0
@pinned_total: 0
@start_total: 308
@thaw_kind[1]: 82309
@thaw_kind[0]: 2948309
@thaw_nullbuf: 0
@thaw_top: 2948309
@thaw_total: 3030618


