Attaching 52 probes...
ebpf-vthread-correlate: tracing started
  Program: correlate-probesonly (freeze/thaw perf path: cache + counters, no buffer deref)
  USDT source: /home/ubuntu/ebpf-vthread-correlate/.vthread-jdk/jdk/lib/server/libjvm.so

ebpf-vthread-correlate: tracing stopped — summary follows


@cache_delete: 2740530
@cache_insert: 2740530
@carriers[7638]: 52
@carriers[7668]: 55
@carriers[7670]: 58
@carriers[7648]: 58
@carriers[7632]: 63
@carriers[7626]: 67
@carriers[7566]: 72
@carriers[7534]: 75
@carriers[7574]: 76
@carriers[7671]: 76
@carriers[7573]: 82
@carriers[7570]: 85
@carriers[7637]: 86
@carriers[7654]: 88
@carriers[7656]: 89
@carriers[7667]: 89
@carriers[7660]: 90
@carriers[7659]: 90
@carriers[7631]: 91
@carriers[7662]: 91
@carriers[7567]: 91
@carriers[7645]: 99
@carriers[7624]: 102
@carriers[7665]: 102
@carriers[7643]: 103
@carriers[7636]: 108
@carriers[7641]: 109
@carriers[7651]: 112
@carriers[7647]: 114
@carriers[7630]: 115
@carriers[7639]: 115
@carriers[7625]: 117
@carriers[7669]: 117
@carriers[7640]: 129
@carriers[7539]: 130
@carriers[7569]: 131
@carriers[7642]: 133
@carriers[7558]: 133
@carriers[7564]: 135
@carriers[7666]: 137
@carriers[7557]: 140
@carriers[7663]: 145
@carriers[7644]: 145
@carriers[7563]: 146
@carriers[7661]: 147
@carriers[7537]: 147
@carriers[7552]: 158
@carriers[7633]: 162
@carriers[7554]: 168
@carriers[7528]: 168
@carriers[7529]: 168
@carriers[7560]: 175
@carriers[7568]: 182
@carriers[7664]: 183
@carriers[7559]: 184
@carriers[7544]: 189
@carriers[7653]: 194
@carriers[7547]: 196
@carriers[7541]: 221
@carriers[7565]: 233
@carriers[7646]: 237
@carriers[7556]: 237
@carriers[7523]: 246
@carriers[7540]: 260
@carriers[7545]: 270
@carriers[7629]: 308
@carriers[7536]: 351
@carriers[7555]: 360
@carriers[7530]: 429
@carriers[7655]: 430
@carriers[7527]: 754
@carriers[7524]: 840
@carriers[7627]: 916
@carriers[7658]: 1493
@carriers[7526]: 2145
@carriers[7542]: 2833
@carriers[7635]: 5108
@carriers[7652]: 5127
@carriers[7553]: 5542
@carriers[7548]: 6557
@carriers[7657]: 6666
@carriers[7562]: 8745
@carriers[7628]: 8772
@carriers[7649]: 9102
@carriers[7546]: 10134
@carriers[7533]: 13978
@carriers[7525]: 15396
@carriers[7571]: 18351
@carriers[7535]: 25014
@carriers[7623]: 26620
@carriers[7538]: 281776
@carriers[7634]: 448409
@carriers[7543]: 448500
@carriers[7572]: 471705
@carriers[7650]: 477735
@carriers[7561]: 509787
@end_total: 298
@end_unmatched: 0
@freeze_failed_kept: 0
@freeze_result[0]: 2740231
@freeze_total: 2740232
@freeze_unmatched: 0
@pinned_total: 0
@start_total: 298
@thaw_kind[1]: 82217
@thaw_kind[0]: 2740232
@thaw_nullbuf: 2822449
@thaw_top: 2740232
@thaw_total: 2822449


