Attaching 52 probes...
ebpf-vthread-correlate: tracing started
  Program: correlate-probesonly (freeze/thaw perf path: cache + counters, no buffer deref)
  USDT source: /home/ubuntu/ebpf-vthread-correlate/.vthread-jdk/jdk/lib/server/libjvm.so

ebpf-vthread-correlate: tracing stopped — summary follows


@cache_delete: 2829913
@cache_insert: 2829913
@carriers[11183]: 6
@carriers[11171]: 10
@carriers[11189]: 12
@carriers[11187]: 14
@carriers[11080]: 22
@carriers[11163]: 24
@carriers[11061]: 30
@carriers[11174]: 38
@carriers[11062]: 40
@carriers[11179]: 48
@carriers[11153]: 52
@carriers[11085]: 52
@carriers[11088]: 53
@carriers[11089]: 54
@carriers[11090]: 54
@carriers[11168]: 58
@carriers[11093]: 64
@carriers[11193]: 66
@carriers[11166]: 66
@carriers[11188]: 66
@carriers[11181]: 70
@carriers[11176]: 74
@carriers[11170]: 74
@carriers[11075]: 74
@carriers[11165]: 74
@carriers[11146]: 76
@carriers[11055]: 81
@carriers[11150]: 82
@carriers[11192]: 86
@carriers[11079]: 90
@carriers[11160]: 92
@carriers[11191]: 92
@carriers[11144]: 94
@carriers[11082]: 96
@carriers[11064]: 98
@carriers[11077]: 116
@carriers[11074]: 122
@carriers[11172]: 124
@carriers[11081]: 132
@carriers[11091]: 132
@carriers[11148]: 142
@carriers[11177]: 146
@carriers[11157]: 152
@carriers[11149]: 154
@carriers[11169]: 168
@carriers[11057]: 170
@carriers[11083]: 170
@carriers[11086]: 172
@carriers[11175]: 176
@carriers[11151]: 176
@carriers[11158]: 186
@carriers[11145]: 186
@carriers[11154]: 188
@carriers[11173]: 200
@carriers[11060]: 213
@carriers[11178]: 216
@carriers[11180]: 230
@carriers[11078]: 238
@carriers[11092]: 384
@carriers[11065]: 537
@carriers[11049]: 594
@carriers[11056]: 819
@carriers[11048]: 871
@carriers[11047]: 912
@carriers[11046]: 968
@carriers[11084]: 1662
@carriers[11185]: 6870
@carriers[11182]: 6902
@carriers[11059]: 8874
@carriers[11054]: 9850
@carriers[11058]: 10748
@carriers[11161]: 11249
@carriers[11190]: 14837
@carriers[11073]: 17085
@carriers[11063]: 17356
@carriers[11184]: 20450
@carriers[11095]: 25378
@carriers[11155]: 26478
@carriers[11094]: 36266
@carriers[11076]: 50109
@carriers[11069]: 63125
@carriers[11186]: 64778
@carriers[11164]: 74745
@carriers[11167]: 89736
@carriers[11066]: 90886
@carriers[11052]: 108012
@carriers[11152]: 122476
@carriers[11067]: 135764
@carriers[11053]: 142745
@carriers[11162]: 144484
@carriers[11045]: 210401
@carriers[11147]: 214502
@carriers[11068]: 225984
@carriers[11087]: 244126
@carriers[11159]: 282000
@carriers[11156]: 424568
@end_total: 290
@end_unmatched: 0
@freeze_failed_kept: 0
@freeze_result[0]: 2829622
@freeze_total: 2829623
@freeze_unmatched: 0
@pinned_total: 0
@start_total: 290
@thaw_kind[1]: 83899
@thaw_kind[0]: 2829623
@thaw_nullbuf: 0
@thaw_top: 2829623
@thaw_total: 2913522


