Attaching 52 probes...
ebpf-vthread-correlate: tracing started
  Program: correlate-probesonly (freeze/thaw perf path: cache + counters, no buffer deref)
  USDT source: /home/ubuntu/ebpf-vthread-correlate/.vthread-jdk/jdk/lib/server/libjvm.so

ebpf-vthread-correlate: tracing stopped — summary follows


@cache_delete: 302870284
@cache_insert: 302870284
@carriers[7106]: 2
@carriers[7323]: 4
@carriers[7118]: 4
@carriers[7324]: 4
@carriers[7086]: 4
@carriers[7110]: 6
@carriers[7112]: 6
@carriers[7094]: 6
@carriers[7116]: 7
@carriers[7096]: 7
@carriers[7097]: 8
@carriers[7315]: 8
@carriers[7103]: 9
@carriers[7310]: 10
@carriers[7085]: 10
@carriers[7290]: 10
@carriers[7311]: 10
@carriers[7079]: 11
@carriers[7090]: 12
@carriers[7308]: 12
@carriers[7091]: 13
@carriers[7201]: 14
@carriers[7221]: 14
@carriers[7300]: 22
@carriers[7233]: 22
@carriers[7210]: 24
@carriers[7199]: 24
@carriers[7012]: 26
@carriers[7207]: 28
@carriers[7289]: 36
@carriers[7114]: 45
@carriers[6988]: 46
@carriers[7200]: 61
@carriers[7002]: 62
@carriers[7326]: 72
@carriers[7291]: 100
@carriers[7115]: 116
@carriers[7007]: 126
@carriers[7286]: 144
@carriers[7003]: 152
@carriers[7202]: 156
@carriers[7313]: 180
@carriers[7009]: 247
@carriers[7195]: 258
@carriers[7018]: 344
@carriers[7194]: 363
@carriers[7193]: 376
@carriers[6983]: 470
@carriers[7189]: 540
@carriers[7190]: 633
@carriers[7119]: 10490
@carriers[7229]: 12548
@carriers[6993]: 17362
@carriers[7095]: 24150
@carriers[7479]: 33636
@carriers[7480]: 34122
@carriers[7087]: 35163
@carriers[7232]: 37304
@carriers[7107]: 42514
@carriers[7312]: 42789
@carriers[7297]: 54622
@carriers[7219]: 58205
@carriers[7209]: 65588
@carriers[7214]: 78160
@carriers[7021]: 84568
@carriers[7293]: 109322
@carriers[7539]: 173404
@carriers[7508]: 182377
@carriers[7305]: 184759
@carriers[7307]: 198715
@carriers[7555]: 202302
@carriers[7617]: 209110
@carriers[7227]: 222149
@carriers[7008]: 237336
@carriers[6992]: 274857
@carriers[7466]: 297100
@carriers[7234]: 300031
@carriers[7083]: 302027
@carriers[6937]: 332298
@carriers[7082]: 335615
@carriers[7552]: 357297
@carriers[7476]: 365551
@carriers[7369]: 367148
@carriers[7516]: 368926
@carriers[7006]: 376484
@carriers[7518]: 401392
@carriers[7619]: 409521
@carriers[6984]: 412493
@carriers[7515]: 413440
@carriers[7011]: 413590
@carriers[7524]: 439145
@carriers[6997]: 444455
@carriers[7073]: 445802
@carriers[7072]: 457895
@carriers[6851]: 480609
@carriers[7620]: 496694
@carriers[7475]: 508127
@carriers[7520]: 511878
@carriers[6981]: 529125
@carriers[7076]: 532599
@carriers[7523]: 533133
@carriers[6883]: 547410
@carriers[7017]: 551683
@carriers[7105]: 551753
@carriers[6985]: 555366
@carriers[6882]: 570795
@carriers[7408]: 573142
@carriers[7101]: 579723
@carriers[6863]: 587767
@carriers[7606]: 592093
@carriers[7384]: 605966
@carriers[7120]: 605990
@carriers[7367]: 610477
@carriers[7522]: 621194
@carriers[7301]: 646971
@carriers[7526]: 651669
@carriers[7509]: 653786
@carriers[7016]: 674210
@carriers[7507]: 683179
@carriers[7089]: 684290
@carriers[7546]: 684445
@carriers[7196]: 685143
@carriers[7098]: 688657
@carriers[7075]: 696075
@carriers[7402]: 706400
@carriers[6856]: 708575
@carriers[7322]: 708832
@carriers[7211]: 711101
@carriers[7317]: 713832
@carriers[7218]: 714874
@carriers[7192]: 726488
@carriers[7544]: 729917
@carriers[7102]: 730868
@carriers[7109]: 740428
@carriers[6938]: 753707
@carriers[6874]: 754759
@carriers[7314]: 755040
@carriers[7554]: 758539
@carriers[6996]: 761210
@carriers[6989]: 762300
@carriers[7014]: 773717
@carriers[7399]: 774630
@carriers[6848]: 779833
@carriers[7519]: 781438
@carriers[6852]: 783206
@carriers[7188]: 784050
@carriers[7470]: 784057
@carriers[7100]: 787009
@carriers[7528]: 793006
@carriers[7093]: 797159
@carriers[7206]: 804329
@carriers[7208]: 806225
@carriers[7198]: 809256
@carriers[6864]: 815081
@carriers[7542]: 815840
@carriers[6990]: 818179
@carriers[7222]: 818761
@carriers[7389]: 823184
@carriers[7328]: 824635
@carriers[7321]: 828033
@carriers[7212]: 841893
@carriers[7004]: 849402
@carriers[7022]: 852087
@carriers[7023]: 853660
@carriers[6946]: 855372
@carriers[7536]: 860270
@carriers[7327]: 864147
@carriers[7395]: 864896
@carriers[7113]: 865860
@carriers[7204]: 875832
@carriers[7531]: 881093
@carriers[7541]: 885231
@carriers[6995]: 889822
@carriers[7306]: 890431
@carriers[6842]: 892002
@carriers[7099]: 893522
@carriers[7396]: 895012
@carriers[7294]: 896589
@carriers[7380]: 897543
@carriers[7084]: 903279
@carriers[7379]: 905815
@carriers[6869]: 907961
@carriers[7372]: 913369
@carriers[7316]: 916198
@carriers[6987]: 920440
@carriers[6867]: 923143
@carriers[7409]: 923380
@carriers[7610]: 928748
@carriers[7302]: 930780
@carriers[7292]: 934763
@carriers[7514]: 935942
@carriers[7535]: 943693
@carriers[7618]: 945653
@carriers[7458]: 956845
@carriers[7537]: 960051
@carriers[7001]: 962439
@carriers[7081]: 966041
@carriers[7469]: 966787
@carriers[7010]: 967365
@carriers[7088]: 967787
@carriers[7121]: 975164
@carriers[7381]: 979676
@carriers[7235]: 983555
@carriers[6877]: 988649
@carriers[7225]: 989393
@carriers[7325]: 989440
@carriers[7376]: 990668
@carriers[7375]: 1000139
@carriers[7015]: 1001160
@carriers[7547]: 1002796
@carriers[7236]: 1003918
@carriers[7228]: 1008436
@carriers[7288]: 1010428
@carriers[7074]: 1014866
@carriers[6982]: 1016817
@carriers[7205]: 1021935
@carriers[7471]: 1025215
@carriers[7403]: 1027998
@carriers[7611]: 1029899
@carriers[6998]: 1030666
@carriers[6980]: 1030751
@carriers[7532]: 1031801
@carriers[7220]: 1033308
@carriers[7510]: 1036629
@carriers[7203]: 1039228
@carriers[7405]: 1040421
@carriers[7388]: 1049756
@carriers[7383]: 1050559
@carriers[6853]: 1057931
@carriers[7215]: 1061916
@carriers[7078]: 1067026
@carriers[7530]: 1078430
@carriers[6843]: 1078963
@carriers[7390]: 1085127
@carriers[7407]: 1090197
@carriers[7378]: 1090256
@carriers[6940]: 1098317
@carriers[7385]: 1098536
@carriers[7213]: 1098991
@carriers[6866]: 1099299
@carriers[7366]: 1100431
@carriers[6979]: 1112134
@carriers[7368]: 1114566
@carriers[6849]: 1118544
@carriers[6872]: 1118859
@carriers[6939]: 1132407
@carriers[7527]: 1134059
@carriers[6859]: 1139774
@carriers[7092]: 1141984
@carriers[6986]: 1144465
@carriers[6858]: 1145028
@carriers[7370]: 1148061
@carriers[7604]: 1155442
@carriers[6873]: 1164912
@carriers[7513]: 1169117
@carriers[7363]: 1176834
@carriers[7529]: 1181392
@carriers[7019]: 1181426
@carriers[7104]: 1186744
@carriers[7393]: 1193009
@carriers[7548]: 1196069
@carriers[7020]: 1197206
@carriers[7511]: 1197457
@carriers[7077]: 1198518
@carriers[7000]: 1199868
@carriers[7392]: 1202992
@carriers[7374]: 1212565
@carriers[7299]: 1217689
@carriers[6865]: 1219759
@carriers[7616]: 1220833
@carriers[7382]: 1225173
@carriers[7303]: 1232778
@carriers[6994]: 1233664
@carriers[6855]: 1245423
@carriers[7216]: 1247175
@carriers[7371]: 1254666
@carriers[6947]: 1260069
@carriers[7605]: 1270419
@carriers[7117]: 1284025
@carriers[7465]: 1300554
@carriers[6854]: 1300964
@carriers[6878]: 1303924
@carriers[6844]: 1304451
@carriers[7318]: 1306775
@carriers[6876]: 1314047
@carriers[6850]: 1325001
@carriers[7404]: 1340205
@carriers[7468]: 1345974
@carriers[7521]: 1349647
@carriers[7237]: 1353875
@carriers[7391]: 1360795
@carriers[7406]: 1362993
@carriers[6875]: 1376468
@carriers[7373]: 1381741
@carriers[7512]: 1394367
@carriers[7122]: 1395240
@carriers[7377]: 1397489
@carriers[6999]: 1398493
@carriers[7609]: 1399735
@carriers[7517]: 1412399
@carriers[7197]: 1417308
@carriers[6935]: 1419730
@carriers[7467]: 1442016
@carriers[7191]: 1446078
@carriers[6847]: 1449945
@carriers[7320]: 1465306
@carriers[7538]: 1471005
@carriers[7365]: 1491247
@carriers[7400]: 1491400
@carriers[7364]: 1500530
@carriers[6936]: 1503607
@carriers[6868]: 1505132
@carriers[7224]: 1524485
@carriers[6860]: 1526541
@carriers[6870]: 1528134
@carriers[7394]: 1536354
@carriers[7398]: 1541976
@carriers[7553]: 1558469
@carriers[7226]: 1559069
@carriers[7397]: 1563858
@carriers[7401]: 1567292
@carriers[7386]: 1571657
@carriers[7319]: 1582788
@carriers[7543]: 1598915
@carriers[7080]: 1606634
@carriers[7223]: 1620574
@carriers[6845]: 1625533
@carriers[6879]: 1635000
@carriers[7108]: 1657025
@carriers[6880]: 1679049
@carriers[6861]: 1679525
@carriers[7287]: 1681491
@carriers[7111]: 1690280
@carriers[7304]: 1696518
@carriers[6862]: 1743994
@carriers[7525]: 1762157
@carriers[7296]: 1777895
@carriers[6846]: 1780528
@carriers[7607]: 1801538
@carriers[6991]: 1827870
@carriers[7540]: 1842206
@carriers[7608]: 1893229
@carriers[7534]: 1931145
@carriers[7005]: 1959157
@carriers[6871]: 1966286
@carriers[7013]: 2002967
@carriers[7551]: 2028433
@carriers[6857]: 2049052
@carriers[6941]: 2093659
@carriers[7309]: 2120326
@carriers[6881]: 2171013
@carriers[7545]: 2259644
@carriers[7298]: 2264855
@carriers[7295]: 2305917
@carriers[7533]: 2929159
@end_total: 30284
@end_unmatched: 0
@freeze_failed_kept: 0
@freeze_result[0]: 302840000
@freeze_total: 302840000
@freeze_unmatched: 0
@pinned_total: 0
@start_total: 30284
@thaw_kind[1]: 402650
@thaw_kind[0]: 302840000
@thaw_nullbuf: 303242650
@thaw_top: 302840000
@thaw_total: 303242650


