Attaching 52 probes...
ebpf-vthread-correlate: tracing started
  Program: correlate-probesonly (freeze/thaw perf path: cache + counters, no buffer deref)
  USDT source: /home/ubuntu/ebpf-vthread-correlate/.vthread-jdk/jdk/lib/server/libjvm.so

ebpf-vthread-correlate: tracing stopped — summary follows


@cache_delete: 2810811
@cache_insert: 2810811
@carriers[8000]: 2
@carriers[7913]: 2
@carriers[7996]: 2
@carriers[7980]: 2
@carriers[7904]: 4
@carriers[7908]: 6
@carriers[7896]: 8
@carriers[7976]: 10
@carriers[7894]: 10
@carriers[8003]: 10
@carriers[7912]: 12
@carriers[7969]: 14
@carriers[7877]: 16
@carriers[7899]: 18
@carriers[7991]: 18
@carriers[7902]: 20
@carriers[7983]: 22
@carriers[8010]: 22
@carriers[7973]: 28
@carriers[8004]: 32
@carriers[7900]: 34
@carriers[7981]: 36
@carriers[7993]: 40
@carriers[7878]: 40
@carriers[7884]: 40
@carriers[7987]: 46
@carriers[7978]: 48
@carriers[7964]: 48
@carriers[7874]: 49
@carriers[7909]: 52
@carriers[7891]: 52
@carriers[7876]: 57
@carriers[7968]: 66
@carriers[7881]: 70
@carriers[7897]: 74
@carriers[7977]: 76
@carriers[7985]: 76
@carriers[7974]: 78
@carriers[7889]: 82
@carriers[7972]: 84
@carriers[7901]: 96
@carriers[7895]: 106
@carriers[7880]: 110
@carriers[7992]: 114
@carriers[7994]: 114
@carriers[7903]: 122
@carriers[7966]: 124
@carriers[7893]: 132
@carriers[7965]: 140
@carriers[7911]: 144
@carriers[7914]: 150
@carriers[7883]: 158
@carriers[7907]: 168
@carriers[7875]: 176
@carriers[7898]: 192
@carriers[7999]: 194
@carriers[7873]: 219
@carriers[7982]: 224
@carriers[7970]: 236
@carriers[7975]: 282
@carriers[8001]: 403
@carriers[7868]: 406
@carriers[7863]: 507
@carriers[7866]: 1260
@carriers[7865]: 1417
@carriers[7872]: 1534
@carriers[7910]: 9430
@carriers[7989]: 10308
@carriers[7886]: 12678
@carriers[7864]: 12753
@carriers[7885]: 14114
@carriers[7984]: 20176
@carriers[7986]: 22780
@carriers[7892]: 22907
@carriers[7971]: 25268
@carriers[7906]: 27493
@carriers[8012]: 65298
@carriers[7995]: 69743
@carriers[7990]: 71982
@carriers[7905]: 77169
@carriers[7979]: 89479
@carriers[7890]: 100929
@carriers[8007]: 101568
@carriers[8008]: 135773
@carriers[7967]: 137778
@carriers[7998]: 186922
@carriers[7988]: 275772
@carriers[8011]: 301958
@carriers[7879]: 302741
@carriers[7882]: 365226
@carriers[7997]: 423388
@end_total: 288
@end_unmatched: 0
@freeze_failed_kept: 0
@freeze_result[0]: 2810522
@freeze_total: 2810523
@freeze_unmatched: 0
@pinned_total: 0
@start_total: 288
@thaw_kind[1]: 83244
@thaw_kind[0]: 2810523
@thaw_nullbuf: 864
@thaw_top: 2810523
@thaw_total: 2893767


