Attaching 52 probes...
ebpf-vthread-correlate: tracing started
  Program: correlate-probesonly (freeze/thaw perf path: cache + counters, no buffer deref)
  USDT source: /home/ubuntu/ebpf-vthread-correlate/.vthread-jdk/jdk/lib/server/libjvm.so

ebpf-vthread-correlate: tracing stopped — summary follows


@cache_delete: 2753135
@cache_insert: 2753135
@carriers[10814]: 6
@carriers[10841]: 14
@carriers[10745]: 27
@carriers[10850]: 32
@carriers[10727]: 34
@carriers[10848]: 42
@carriers[10739]: 45
@carriers[10822]: 52
@carriers[10846]: 54
@carriers[10744]: 56
@carriers[10812]: 66
@carriers[10845]: 78
@carriers[10729]: 79
@carriers[10806]: 81
@carriers[10725]: 92
@carriers[10807]: 93
@carriers[10803]: 93
@carriers[10851]: 94
@carriers[10813]: 94
@carriers[10717]: 95
@carriers[10844]: 102
@carriers[10849]: 126
@carriers[10826]: 128
@carriers[10801]: 141
@carriers[10832]: 141
@carriers[10815]: 141
@carriers[10802]: 147
@carriers[10715]: 153
@carriers[10818]: 159
@carriers[10743]: 163
@carriers[10799]: 165
@carriers[10836]: 170
@carriers[10847]: 176
@carriers[10747]: 182
@carriers[10823]: 186
@carriers[10714]: 187
@carriers[10741]: 204
@carriers[10825]: 211
@carriers[10810]: 213
@carriers[10840]: 224
@carriers[10728]: 237
@carriers[10737]: 239
@carriers[10816]: 245
@carriers[10798]: 252
@carriers[10716]: 254
@carriers[10821]: 255
@carriers[10749]: 263
@carriers[10734]: 275
@carriers[10819]: 283
@carriers[10804]: 292
@carriers[10740]: 342
@carriers[10805]: 361
@carriers[10722]: 414
@carriers[10828]: 457
@carriers[10712]: 462
@carriers[10742]: 516
@carriers[10730]: 541
@carriers[10809]: 596
@carriers[10708]: 678
@carriers[10718]: 1126
@carriers[10829]: 1349
@carriers[10735]: 1940
@carriers[10707]: 2600
@carriers[10719]: 3789
@carriers[10736]: 5448
@carriers[10705]: 5458
@carriers[10706]: 7217
@carriers[10748]: 7941
@carriers[10811]: 11782
@carriers[10827]: 12080
@carriers[10723]: 16416
@carriers[10824]: 16665
@carriers[10713]: 19065
@carriers[10808]: 28644
@carriers[10726]: 30371
@carriers[10817]: 36977
@carriers[10710]: 48057
@carriers[10733]: 49374
@carriers[10838]: 67900
@carriers[10732]: 77399
@carriers[10746]: 86002
@carriers[10724]: 87718
@carriers[10720]: 91711
@carriers[10800]: 93489
@carriers[10830]: 107832
@carriers[10721]: 113291
@carriers[10835]: 122303
@carriers[10833]: 133175
@carriers[10834]: 139938
@carriers[10711]: 156660
@carriers[10831]: 169112
@carriers[10839]: 181589
@carriers[10731]: 184936
@carriers[10738]: 211883
@carriers[10820]: 216048
@carriers[10837]: 275655
@end_total: 282
@end_unmatched: 0
@freeze_failed_kept: 0
@freeze_result[0]: 2752852
@freeze_total: 2752853
@freeze_unmatched: 0
@pinned_total: 0
@start_total: 282
@thaw_kind[1]: 81595
@thaw_kind[0]: 2752853
@thaw_nullbuf: 846
@thaw_top: 2752853
@thaw_total: 2834448


