Attaching 52 probes...
ebpf-vthread-correlate: tracing started
  Program: correlate-probesonly (freeze/thaw perf path: cache + counters, no buffer deref)
  USDT source: /home/ubuntu/ebpf-vthread-correlate/.vthread-jdk/jdk/lib/server/libjvm.so

ebpf-vthread-correlate: tracing stopped — summary follows


@cache_delete: 2870160
@cache_insert: 2870160
@carriers[10507]: 36
@carriers[10514]: 66
@carriers[10411]: 84
@carriers[10396]: 98
@carriers[10464]: 104
@carriers[10374]: 105
@carriers[10490]: 108
@carriers[10379]: 112
@carriers[10505]: 120
@carriers[10395]: 122
@carriers[10471]: 130
@carriers[10498]: 142
@carriers[10376]: 143
@carriers[10482]: 146
@carriers[10408]: 148
@carriers[10387]: 150
@carriers[10503]: 150
@carriers[10400]: 152
@carriers[10488]: 153
@carriers[10470]: 156
@carriers[10495]: 158
@carriers[10475]: 162
@carriers[10511]: 162
@carriers[10405]: 164
@carriers[10489]: 164
@carriers[10492]: 170
@carriers[10501]: 172
@carriers[10477]: 174
@carriers[10384]: 178
@carriers[10504]: 182
@carriers[10509]: 188
@carriers[10407]: 188
@carriers[10500]: 194
@carriers[10381]: 206
@carriers[10466]: 212
@carriers[10486]: 212
@carriers[10474]: 218
@carriers[10380]: 239
@carriers[10413]: 254
@carriers[10512]: 256
@carriers[10404]: 270
@carriers[10496]: 276
@carriers[10401]: 284
@carriers[10499]: 288
@carriers[10410]: 338
@carriers[10386]: 362
@carriers[10389]: 365
@carriers[10402]: 370
@carriers[10414]: 390
@carriers[10506]: 466
@carriers[10468]: 474
@carriers[10370]: 544
@carriers[10378]: 586
@carriers[10373]: 698
@carriers[10372]: 790
@carriers[10368]: 920
@carriers[10513]: 1008
@carriers[10481]: 2441
@carriers[10415]: 4216
@carriers[10485]: 5010
@carriers[10367]: 5310
@carriers[10385]: 6228
@carriers[10473]: 7472
@carriers[10491]: 8335
@carriers[10469]: 9624
@carriers[10382]: 12952
@carriers[10399]: 14793
@carriers[10467]: 18096
@carriers[10508]: 19739
@carriers[10398]: 29418
@carriers[10390]: 30469
@carriers[10377]: 35980
@carriers[10409]: 44668
@carriers[10403]: 49252
@carriers[10478]: 53206
@carriers[10465]: 58695
@carriers[10476]: 64104
@carriers[10484]: 68516
@carriers[10497]: 69759
@carriers[10483]: 77075
@carriers[10493]: 80032
@carriers[10397]: 87789
@carriers[10412]: 89861
@carriers[10388]: 94170
@carriers[10371]: 99348
@carriers[10487]: 110329
@carriers[10383]: 128850
@carriers[10406]: 134175
@carriers[10480]: 138889
@carriers[10479]: 142225
@carriers[10375]: 143193
@carriers[10494]: 144316
@carriers[10369]: 186102
@carriers[10472]: 190593
@carriers[10502]: 207569
@carriers[10510]: 263639
@end_total: 294
@end_unmatched: 0
@freeze_failed_kept: 0
@freeze_result[0]: 2869866
@freeze_total: 2869866
@freeze_unmatched: 0
@pinned_total: 0
@start_total: 294
@thaw_kind[1]: 81279
@thaw_kind[0]: 2869866
@thaw_nullbuf: 2951145
@thaw_top: 2869866
@thaw_total: 2951145


