# JMH version: 1.37
# VM version: JDK 21.0.12-internal, OpenJDK 64-Bit Server VM, 21.0.12-internal-adhoc.jie.jdk21u
# VM invoker: /home/jie/csc8499/jdk21u/build/release-flag/images/jdk/bin/java
# VM options: --enable-preview --enable-native-access=ALL-UNNAMED -XX:+VThreadTraceProbes
# Blackhole mode: compiler (auto-detected, use -Djmh.blackhole.autoDetect=false to disable)
# Warmup: 3 iterations, 1 s each
# Measurement: 5 iterations, 1 s each
# Timeout: 10 min per iteration
# Threads: 1 thread, will synchronize iterations
# Benchmark mode: Average time, time/op
# Benchmark: uk.ac.ncl.jensen.benchmark.VThreadTransitionBenchmark.transition_yield
# Parameters: (yieldsPerVthread = 10000)

# Run progress: 0.00% complete, ETA 00:00:16
# Fork: 1 of 2
# Warmup Iteration   1: 30220.722 us/op
# Warmup Iteration   2: 32493.416 us/op
# Warmup Iteration   3: 31778.688 us/op
Iteration   1: 31208.817 us/op
Iteration   2: 31478.920 us/op
Iteration   3: 31407.545 us/op
Iteration   4: 31679.376 us/op
Iteration   5: 31263.149 us/op

# Run progress: 50.00% complete, ETA 00:00:08
# Fork: 2 of 2
# Warmup Iteration   1: 33939.433 us/op
# Warmup Iteration   2: 31440.252 us/op
# Warmup Iteration   3: 32318.465 us/op
Iteration   1: 31373.730 us/op
Iteration   2: 31125.267 us/op
Iteration   3: 29334.629 us/op
Iteration   4: 31452.764 us/op
Iteration   5: 31709.471 us/op


Result "uk.ac.ncl.jensen.benchmark.VThreadTransitionBenchmark.transition_yield":
  31203.367 ±(99.9%) 1031.989 us/op [Average]
  (min, avg, max) = (29334.629, 31203.367, 31709.471), stdev = 682.597
  CI (99.9%): [30171.377, 32235.356] (assumes normal distribution)


# Run complete. Total time: 00:00:16

REMEMBER: The numbers below are just data. To gain reusable insights, you need to follow up on
why the numbers are the way they are. Use profilers (see -prof, -lprof), design factorial
experiments, perform baseline and negative tests that provide experimental control, make sure
the benchmarking environment is safe on JVM/OS/HW level, ask for reviews from the domain experts.
Do not assume the numbers tell you what you want them to tell.

NOTE: Current JVM experimentally supports Compiler Blackholes, and they are in use. Please exercise
extra caution when trusting the results, look into the generated code to check the benchmark still
works, and factor in a small probability of new VM bugs. Additionally, while comparisons between
different JVMs are already problematic, the performance difference caused by different Blackhole
modes can be very significant. Please make sure you use the consistent Blackhole mode for comparisons.

Benchmark                                    (yieldsPerVthread)  Mode  Cnt      Score      Error  Units
VThreadTransitionBenchmark.transition_yield               10000  avgt   10  31203.367 ± 1031.989  us/op
