# JMH version: 1.37
# VM version: JDK 21.0.12-internal, OpenJDK 64-Bit Server VM, 21.0.12-internal-adhoc.root.src
# VM invoker: /home/ubuntu/ebpf-vthread-correlate/.vthread-jdk/jdk/bin/java
# VM options: --enable-preview --enable-native-access=ALL-UNNAMED -XX:+VThreadTraceProbes
# Blackhole mode: compiler (auto-detected, use -Djmh.blackhole.autoDetect=false to disable)
# Warmup: <none>
# Measurement: 5 iterations, 1 s each
# Timeout: 10 min per iteration
# Threads: 1 thread, will synchronize iterations
# Benchmark mode: Average time, time/op
# Benchmark: uk.ac.ncl.jensen.benchmark.VThreadChurnBenchmark.churn
# Parameters: (vthreadsPerOp = 1000)

# Run progress: 0.00% complete, ETA 00:00:05
# Fork: 1 of 1
Iteration   1: 487.102 us/op
Iteration   2: 434.076 us/op
Iteration   3: 427.689 us/op
Iteration   4: 420.602 us/op
Iteration   5: 422.802 us/op


Result "uk.ac.ncl.jensen.benchmark.VThreadChurnBenchmark.churn":
  438.454 ±(99.9%) 106.596 us/op [Average]
  (min, avg, max) = (420.602, 438.454, 487.102), stdev = 27.683
  CI (99.9%): [331.858, 545.051] (assumes normal distribution)


# Run complete. Total time: 00:00:05

REMEMBER: The numbers below are just data. To gain reusable insights, you need to follow up on
why the numbers are the way they are. Use profilers (see -prof, -lprof), design factorial
experiments, perform baseline and negative tests that provide experimental control, make sure
the benchmarking environment is safe on JVM/OS/HW level, ask for reviews from the domain experts.
Do not assume the numbers tell you what you want them to tell.

NOTE: Current JVM experimentally supports Compiler Blackholes, and they are in use. Please exercise
extra caution when trusting the results, look into the generated code to check the benchmark still
works, and factor in a small probability of new VM bugs. Additionally, while comparisons between
different JVMs are already problematic, the performance difference caused by different Blackhole
modes can be very significant. Please make sure you use the consistent Blackhole mode for comparisons.

Benchmark                    (vthreadsPerOp)  Mode  Cnt    Score     Error  Units
VThreadChurnBenchmark.churn             1000  avgt    5  438.454 ± 106.596  us/op
