# JMH version: 1.37
# VM version: JDK 21.0.12-internal, OpenJDK 64-Bit Server VM, 21.0.12-internal-adhoc.root.src
# VM invoker: /home/ubuntu/ebpf-vthread-correlate/.vthread-jdk/jdk/bin/java
# VM options: --enable-preview --enable-native-access=ALL-UNNAMED -XX:+VThreadTraceProbes
# Blackhole mode: compiler (auto-detected, use -Djmh.blackhole.autoDetect=false to disable)
# Warmup: 5 iterations, 10 s each
# Measurement: 5 iterations, 10 s each
# Timeout: 10 min per iteration
# Threads: 1 thread, will synchronize iterations
# Benchmark mode: Average time, time/op
# Benchmark: uk.ac.ncl.jensen.benchmark.VThreadTransitionBenchmark.transition_yield
# Parameters: (yieldsPerVthread = 10000)

# Run progress: 0.00% complete, ETA 00:08:20
# Fork: 1 of 5
# Warmup Iteration   1: 16514.965 us/op
# Warmup Iteration   2: 16357.528 us/op
# Warmup Iteration   3: 16163.954 us/op
# Warmup Iteration   4: 16242.586 us/op
# Warmup Iteration   5: 16122.687 us/op
Iteration   1: 16080.552 us/op
Iteration   2: 16162.761 us/op
Iteration   3: 16093.063 us/op
Iteration   4: 16254.037 us/op
Iteration   5: 16075.680 us/op

# Run progress: 20.00% complete, ETA 00:06:41
# Fork: 2 of 5
# Warmup Iteration   1: 16835.006 us/op
# Warmup Iteration   2: 16693.261 us/op
# Warmup Iteration   3: 16544.005 us/op
# Warmup Iteration   4: 16467.365 us/op
# Warmup Iteration   5: 16586.311 us/op
Iteration   1: 16682.916 us/op
Iteration   2: 16672.538 us/op
Iteration   3: 16670.072 us/op
Iteration   4: 16642.485 us/op
Iteration   5: 16744.941 us/op

# Run progress: 40.00% complete, ETA 00:05:00
# Fork: 3 of 5
# Warmup Iteration   1: 16987.581 us/op
# Warmup Iteration   2: 16593.661 us/op
# Warmup Iteration   3: 16539.195 us/op
# Warmup Iteration   4: 16732.515 us/op
# Warmup Iteration   5: 16711.012 us/op
Iteration   1: 16767.884 us/op
Iteration   2: 16706.642 us/op
Iteration   3: 16789.782 us/op
Iteration   4: 16733.574 us/op
Iteration   5: 16694.177 us/op

# Run progress: 60.00% complete, ETA 00:03:20
# Fork: 4 of 5
# Warmup Iteration   1: 16723.898 us/op
# Warmup Iteration   2: 16603.730 us/op
# Warmup Iteration   3: 16633.838 us/op
# Warmup Iteration   4: 16464.708 us/op
# Warmup Iteration   5: 16746.837 us/op
Iteration   1: 16737.883 us/op
Iteration   2: 16680.437 us/op
Iteration   3: 16689.032 us/op
Iteration   4: 16703.623 us/op
Iteration   5: 16621.444 us/op

# Run progress: 80.00% complete, ETA 00:01:40
# Fork: 5 of 5
# Warmup Iteration   1: 16652.241 us/op
# Warmup Iteration   2: 16595.140 us/op
# Warmup Iteration   3: 16532.737 us/op
# Warmup Iteration   4: 16380.903 us/op
# Warmup Iteration   5: 16308.584 us/op
Iteration   1: 16557.142 us/op
Iteration   2: 16485.711 us/op
Iteration   3: 16282.435 us/op
Iteration   4: 16172.522 us/op
Iteration   5: 15974.247 us/op


Result "uk.ac.ncl.jensen.benchmark.VThreadTransitionBenchmark.transition_yield":
  16507.023 ±(99.9%) 203.615 us/op [Average]
  (min, avg, max) = (15974.247, 16507.023, 16789.782), stdev = 271.821
  CI (99.9%): [16303.408, 16710.639] (assumes normal distribution)


# Run complete. Total time: 00:08:21

REMEMBER: The numbers below are just data. To gain reusable insights, you need to follow up on
why the numbers are the way they are. Use profilers (see -prof, -lprof), design factorial
experiments, perform baseline and negative tests that provide experimental control, make sure
the benchmarking environment is safe on JVM/OS/HW level, ask for reviews from the domain experts.
Do not assume the numbers tell you what you want them to tell.

NOTE: Current JVM experimentally supports Compiler Blackholes, and they are in use. Please exercise
extra caution when trusting the results, look into the generated code to check the benchmark still
works, and factor in a small probability of new VM bugs. Additionally, while comparisons between
different JVMs are already problematic, the performance difference caused by different Blackhole
modes can be very significant. Please make sure you use the consistent Blackhole mode for comparisons.

Benchmark                                    (yieldsPerVthread)  Mode  Cnt      Score     Error  Units
VThreadTransitionBenchmark.transition_yield               10000  avgt   25  16507.023 ± 203.615  us/op
