# JMH version: 1.37
# VM version: JDK 21.0.12-internal, OpenJDK 64-Bit Server VM, 21.0.12-internal-adhoc.jie.jdk21u
# VM invoker: /home/jie/csc8499/jdk21u/build/release-flag/images/jdk/bin/java
# VM options: --enable-preview --enable-native-access=ALL-UNNAMED -XX:+VThreadTraceProbes
# Blackhole mode: compiler (auto-detected, use -Djmh.blackhole.autoDetect=false to disable)
# Warmup: 3 iterations, 1 s each
# Measurement: 5 iterations, 1 s each
# Timeout: 10 min per iteration
# Threads: 1 thread, will synchronize iterations
# Benchmark mode: Average time, time/op
# Benchmark: uk.ac.ncl.jensen.benchmark.VThreadTransitionBenchmark.transition_yield
# Parameters: (yieldsPerVthread = 10000)

# Run progress: 0.00% complete, ETA 00:00:16
# Fork: 1 of 2
# Warmup Iteration   1: 12153.968 us/op
# Warmup Iteration   2: 12206.383 us/op
# Warmup Iteration   3: 12233.941 us/op
Iteration   1: 11905.878 us/op
Iteration   2: 11560.143 us/op
Iteration   3: 10848.863 us/op
Iteration   4: 11638.934 us/op
Iteration   5: 12225.944 us/op

# Run progress: 50.00% complete, ETA 00:00:08
# Fork: 2 of 2
# Warmup Iteration   1: 11701.007 us/op
# Warmup Iteration   2: 10315.193 us/op
# Warmup Iteration   3: 9765.859 us/op
Iteration   1: 10255.100 us/op
Iteration   2: 10259.391 us/op
Iteration   3: 12356.233 us/op
Iteration   4: 13938.204 us/op
Iteration   5: 12509.463 us/op


Result "uk.ac.ncl.jensen.benchmark.VThreadTransitionBenchmark.transition_yield":
  11749.815 ±(99.9%) 1694.092 us/op [Average]
  (min, avg, max) = (10255.100, 11749.815, 13938.204), stdev = 1120.537
  CI (99.9%): [10055.723, 13443.908] (assumes normal distribution)


# Run complete. Total time: 00:00:16

REMEMBER: The numbers below are just data. To gain reusable insights, you need to follow up on
why the numbers are the way they are. Use profilers (see -prof, -lprof), design factorial
experiments, perform baseline and negative tests that provide experimental control, make sure
the benchmarking environment is safe on JVM/OS/HW level, ask for reviews from the domain experts.
Do not assume the numbers tell you what you want them to tell.

NOTE: Current JVM experimentally supports Compiler Blackholes, and they are in use. Please exercise
extra caution when trusting the results, look into the generated code to check the benchmark still
works, and factor in a small probability of new VM bugs. Additionally, while comparisons between
different JVMs are already problematic, the performance difference caused by different Blackhole
modes can be very significant. Please make sure you use the consistent Blackhole mode for comparisons.

Benchmark                                    (yieldsPerVthread)  Mode  Cnt      Score      Error  Units
VThreadTransitionBenchmark.transition_yield               10000  avgt   10  11749.815 ± 1694.092  us/op
