# JMH version: 1.37
# VM version: JDK 21.0.12-internal, OpenJDK 64-Bit Server VM, 21.0.12-internal-adhoc.root.src
# VM invoker: /home/ubuntu/ebpf-vthread-correlate/.vthread-jdk/jdk/bin/java
# VM options: --enable-preview --enable-native-access=ALL-UNNAMED -XX:+VThreadTraceProbes
# Blackhole mode: compiler (auto-detected, use -Djmh.blackhole.autoDetect=false to disable)
# Warmup: 3 iterations, 1 s each
# Measurement: 5 iterations, 1 s each
# Timeout: 10 min per iteration
# Threads: 1 thread, will synchronize iterations
# Benchmark mode: Average time, time/op
# Benchmark: uk.ac.ncl.jensen.benchmark.VThreadChurnBenchmark.churn
# Parameters: (vthreadsPerOp = 1000)

# Run progress: 0.00% complete, ETA 00:00:16
# Fork: 1 of 2
# Warmup Iteration   1: 334.369 us/op
# Warmup Iteration   2: 399.076 us/op
# Warmup Iteration   3: 378.334 us/op
Iteration   1: 374.023 us/op
Iteration   2: 314.037 us/op
Iteration   3: 292.860 us/op
Iteration   4: 291.622 us/op
Iteration   5: 287.769 us/op

# Run progress: 50.00% complete, ETA 00:00:08
# Fork: 2 of 2
# Warmup Iteration   1: 429.216 us/op
# Warmup Iteration   2: 369.164 us/op
# Warmup Iteration   3: 283.173 us/op
Iteration   1: 288.121 us/op
Iteration   2: 349.965 us/op
Iteration   3: 374.323 us/op
Iteration   4: 308.356 us/op
Iteration   5: 283.614 us/op


Result "uk.ac.ncl.jensen.benchmark.VThreadChurnBenchmark.churn":
  316.469 ±(99.9%) 54.592 us/op [Average]
  (min, avg, max) = (283.614, 316.469, 374.323), stdev = 36.109
  CI (99.9%): [261.877, 371.061] (assumes normal distribution)


# Run complete. Total time: 00:00:16

REMEMBER: The numbers below are just data. To gain reusable insights, you need to follow up on
why the numbers are the way they are. Use profilers (see -prof, -lprof), design factorial
experiments, perform baseline and negative tests that provide experimental control, make sure
the benchmarking environment is safe on JVM/OS/HW level, ask for reviews from the domain experts.
Do not assume the numbers tell you what you want them to tell.

NOTE: Current JVM experimentally supports Compiler Blackholes, and they are in use. Please exercise
extra caution when trusting the results, look into the generated code to check the benchmark still
works, and factor in a small probability of new VM bugs. Additionally, while comparisons between
different JVMs are already problematic, the performance difference caused by different Blackhole
modes can be very significant. Please make sure you use the consistent Blackhole mode for comparisons.

Benchmark                    (vthreadsPerOp)  Mode  Cnt    Score    Error  Units
VThreadChurnBenchmark.churn             1000  avgt   10  316.469 ± 54.592  us/op
