# JMH version: 1.37
# VM version: JDK 21.0.12-internal, OpenJDK 64-Bit Server VM, 21.0.12-internal-adhoc.root.src
# VM invoker: /home/ubuntu/ebpf-vthread-correlate/.vthread-jdk/jdk/bin/java
# VM options: --enable-preview --enable-native-access=ALL-UNNAMED -XX:+VThreadTraceProbes
# Blackhole mode: compiler (auto-detected, use -Djmh.blackhole.autoDetect=false to disable)
# Warmup: 5 iterations, 10 s each
# Measurement: 5 iterations, 10 s each
# Timeout: 10 min per iteration
# Threads: 1 thread, will synchronize iterations
# Benchmark mode: Average time, time/op
# Benchmark: uk.ac.ncl.jensen.benchmark.VThreadTransitionBenchmark.transition_yield
# Parameters: (yieldsPerVthread = 10000)

# Run progress: 0.00% complete, ETA 00:08:20
# Fork: 1 of 5
# Warmup Iteration   1: 8927.485 us/op
# Warmup Iteration   2: 8819.301 us/op
# Warmup Iteration   3: 8929.027 us/op
# Warmup Iteration   4: 8875.913 us/op
# Warmup Iteration   5: 8851.233 us/op
Iteration   1: 8646.084 us/op
Iteration   2: 8553.607 us/op
Iteration   3: 8602.801 us/op
Iteration   4: 8551.061 us/op
Iteration   5: 8569.548 us/op

# Run progress: 20.00% complete, ETA 00:06:41
# Fork: 2 of 5
# Warmup Iteration   1: 9030.407 us/op
# Warmup Iteration   2: 8669.122 us/op
# Warmup Iteration   3: 8764.118 us/op
# Warmup Iteration   4: 8806.131 us/op
# Warmup Iteration   5: 8766.316 us/op
Iteration   1: 8618.793 us/op
Iteration   2: 8614.365 us/op
Iteration   3: 8612.476 us/op
Iteration   4: 8649.242 us/op
Iteration   5: 8689.809 us/op

# Run progress: 40.00% complete, ETA 00:05:00
# Fork: 3 of 5
# Warmup Iteration   1: 9649.512 us/op
# Warmup Iteration   2: 9312.077 us/op
# Warmup Iteration   3: 9400.702 us/op
# Warmup Iteration   4: 9399.027 us/op
# Warmup Iteration   5: 9400.568 us/op
Iteration   1: 9241.524 us/op
Iteration   2: 9085.984 us/op
Iteration   3: 9119.010 us/op
Iteration   4: 9082.032 us/op
Iteration   5: 9066.475 us/op

# Run progress: 60.00% complete, ETA 00:03:20
# Fork: 4 of 5
# Warmup Iteration   1: 9215.998 us/op
# Warmup Iteration   2: 8886.112 us/op
# Warmup Iteration   3: 9039.665 us/op
# Warmup Iteration   4: 9046.141 us/op
# Warmup Iteration   5: 8897.948 us/op
Iteration   1: 8648.600 us/op
Iteration   2: 8516.459 us/op
Iteration   3: 8484.598 us/op
Iteration   4: 8551.024 us/op
Iteration   5: 8479.918 us/op

# Run progress: 80.00% complete, ETA 00:01:40
# Fork: 5 of 5
# Warmup Iteration   1: 9571.657 us/op
# Warmup Iteration   2: 9328.365 us/op
# Warmup Iteration   3: 9434.208 us/op
# Warmup Iteration   4: 9572.122 us/op
# Warmup Iteration   5: 9438.370 us/op
Iteration   1: 9021.042 us/op
Iteration   2: 8898.597 us/op
Iteration   3: 8935.870 us/op
Iteration   4: 8991.439 us/op
Iteration   5: 9065.195 us/op


Result "uk.ac.ncl.jensen.benchmark.VThreadTransitionBenchmark.transition_yield":
  8771.822 ±(99.9%) 183.241 us/op [Average]
  (min, avg, max) = (8479.918, 8771.822, 9241.524), stdev = 244.622
  CI (99.9%): [8588.581, 8955.063] (assumes normal distribution)


# Run complete. Total time: 00:08:21

REMEMBER: The numbers below are just data. To gain reusable insights, you need to follow up on
why the numbers are the way they are. Use profilers (see -prof, -lprof), design factorial
experiments, perform baseline and negative tests that provide experimental control, make sure
the benchmarking environment is safe on JVM/OS/HW level, ask for reviews from the domain experts.
Do not assume the numbers tell you what you want them to tell.

NOTE: Current JVM experimentally supports Compiler Blackholes, and they are in use. Please exercise
extra caution when trusting the results, look into the generated code to check the benchmark still
works, and factor in a small probability of new VM bugs. Additionally, while comparisons between
different JVMs are already problematic, the performance difference caused by different Blackhole
modes can be very significant. Please make sure you use the consistent Blackhole mode for comparisons.

Benchmark                                    (yieldsPerVthread)  Mode  Cnt     Score     Error  Units
VThreadTransitionBenchmark.transition_yield               10000  avgt   25  8771.822 ± 183.241  us/op
