measure-oslevel: A/C/B OS-level observation overhead  (DIRECTIONAL, VM-only — not citable)
  C - A = publish residual (expected ~0);  B - C = observation cost

JMH jar: /home/ubuntu/ebpf-vthread-correlate/target/ebpf-vthread-correlate-1.0-SNAPSHOT.jar
JDK:     /home/ubuntu/ebpf-vthread-correlate/.vthread-jdk/jdk
JAVA:    /home/ubuntu/ebpf-vthread-correlate/.vthread-jdk/jdk/bin/java
LIBJVM:  /home/ubuntu/ebpf-vthread-correlate/.vthread-jdk/jdk/lib/server/libjvm.so
BENCH:   churn
CLASS:   uk.ac.ncl.jensen.benchmark.VThreadChurnBenchmark
MODE:    COUNT MODE — time figures meaningless, counters only (B state only, -f 1 -wi 0 -i 5)
OUT:     /home/ubuntu/ebpf-vthread-correlate/result/benchmark/oslevel
RUNINFO: /home/ubuntu/ebpf-vthread-correlate/result/benchmark/oslevel/RUNINFO-20260707-142426.txt
LOG:     /home/ubuntu/ebpf-vthread-correlate/result/benchmark/oslevel/measure-oslevel-churn-count-20260707-142426.log

COUNT MODE — time figures meaningless, counters only. Skipping A and C.

B — observed (flag on, cropped bpftrace attached by libjvm path)
  bpftrace attached after 1s via libjvm path — no -c, no PID scope

  /home/ubuntu/ebpf-vthread-correlate/.vthread-jdk/jdk/bin/java -jar /home/ubuntu/ebpf-vthread-correlate/target/benchmarks.jar uk.ac.ncl.jensen.benchmark.VThreadChurnBenchmark -f 1 -wi 0 -r 1 -i 5 -jvmArgsAppend -XX:+VThreadTraceProbes 
# JMH version: 1.37
# VM version: JDK 21.0.12-internal, OpenJDK 64-Bit Server VM, 21.0.12-internal-adhoc.root.src
# VM invoker: /home/ubuntu/ebpf-vthread-correlate/.vthread-jdk/jdk/bin/java
# VM options: --enable-preview --enable-native-access=ALL-UNNAMED -XX:+VThreadTraceProbes
# Blackhole mode: compiler (auto-detected, use -Djmh.blackhole.autoDetect=false to disable)
# Warmup: <none>
# Measurement: 5 iterations, 1 s each
# Timeout: 10 min per iteration
# Threads: 1 thread, will synchronize iterations
# Benchmark mode: Average time, time/op
# Benchmark: uk.ac.ncl.jensen.benchmark.VThreadChurnBenchmark.churn
# Parameters: (vthreadsPerOp = 1000)

# Run progress: 0.00% complete, ETA 00:00:05
# Fork: 1 of 1
Iteration   1: 496.501 us/op
Iteration   2: 429.578 us/op
Iteration   3: 431.734 us/op
Iteration   4: 421.294 us/op
Iteration   5: 422.220 us/op


Result "uk.ac.ncl.jensen.benchmark.VThreadChurnBenchmark.churn":
  440.265 ±(99.9%) 122.300 us/op [Average]
  (min, avg, max) = (421.294, 440.265, 496.501), stdev = 31.761
  CI (99.9%): [317.966, 562.565] (assumes normal distribution)


# Run complete. Total time: 00:00:05

REMEMBER: The numbers below are just data. To gain reusable insights, you need to follow up on
why the numbers are the way they are. Use profilers (see -prof, -lprof), design factorial
experiments, perform baseline and negative tests that provide experimental control, make sure
the benchmarking environment is safe on JVM/OS/HW level, ask for reviews from the domain experts.
Do not assume the numbers tell you what you want them to tell.

NOTE: Current JVM experimentally supports Compiler Blackholes, and they are in use. Please exercise
extra caution when trusting the results, look into the generated code to check the benchmark still
works, and factor in a small probability of new VM bugs. Additionally, while comparisons between
different JVMs are already problematic, the performance difference caused by different Blackhole
modes can be very significant. Please make sure you use the consistent Blackhole mode for comparisons.

Benchmark                    (vthreadsPerOp)  Mode  Cnt    Score     Error  Units
VThreadChurnBenchmark.churn             1000  avgt    5  440.265 ± 122.300  us/op

  (churn self-check: @freeze_total=0 recorded, NOT asserted — zero is a legitimate no-blocking outcome)
============================================================
COUNT MODE — time figures meaningless, counters only
  ops estimated from avgt iteration scores (~±1 op per 1s iteration)

  ops (measured iterations only, wi=0): 11400
  @freeze_total=0  @thaw_total=0  @thaw_kind[0]=0
  @start_total=11404000  @end_total=11404000  @end_unmatched=0

COUNT RESULT: bench=churn class=uk.ac.ncl.jensen.benchmark.VThreadChurnBenchmark ops=11400 freeze_total=0 thaw_total=0 thaw_top=0 start_total=11404000 end_total=11404000 end_unmatched=0 freezes_per_op=0.0000 top_thaws_per_op=0.0000 starts_per_op=1000.3509 extra_jvmargs=''
  (archived: /home/ubuntu/ebpf-vthread-correlate/result/benchmark/oslevel/COUNT-churn-count-20260707-142426.txt)

RESULT: OK — COUNT mode counters harvested (time figures meaningless by design).
