measure-oslevel: A/C/B OS-level observation overhead  (DIRECTIONAL, VM-only — not citable)
  C - A = publish residual (expected ~0);  B - C = observation cost

JMH jar: /home/ubuntu/ebpf-vthread-correlate/target/ebpf-vthread-correlate-1.0-SNAPSHOT.jar
JDK:     /home/ubuntu/ebpf-vthread-correlate/.vthread-jdk/jdk
JAVA:    /home/ubuntu/ebpf-vthread-correlate/.vthread-jdk/jdk/bin/java
LIBJVM:  /home/ubuntu/ebpf-vthread-correlate/.vthread-jdk/jdk/lib/server/libjvm.so
BENCH:   parkunpark
CLASS:   uk.ac.ncl.jensen.benchmark.VThreadParkUnparkBenchmark
MODE:    COUNT MODE — time figures meaningless, counters only (B state only, -f 1 -wi 0 -i 5)
EXTRA:   -agentpath:/home/ubuntu/ebpf-vthread-correlate/JVMTI-agent/libvthread_trace_agent.so=publish=jvmti   (via -jvmArgsAppend, all states)
OUT:     /home/ubuntu/ebpf-vthread-correlate/result/benchmark/oslevel
RUNINFO: /home/ubuntu/ebpf-vthread-correlate/result/benchmark/oslevel/RUNINFO-20260707-142451.txt
LOG:     /home/ubuntu/ebpf-vthread-correlate/result/benchmark/oslevel/measure-oslevel-parkunpark-count-20260707-142451.log

COUNT MODE — time figures meaningless, counters only. Skipping A and C.

B — observed (flag on, cropped bpftrace attached by libjvm path)
  bpftrace attached after 1s via libjvm path — no -c, no PID scope

  /home/ubuntu/ebpf-vthread-correlate/.vthread-jdk/jdk/bin/java -jar /home/ubuntu/ebpf-vthread-correlate/target/benchmarks.jar uk.ac.ncl.jensen.benchmark.VThreadParkUnparkBenchmark -f 1 -wi 0 -r 1 -i 5 -jvmArgsAppend -XX:+VThreadTraceProbes -jvmArgsAppend -agentpath:/home/ubuntu/ebpf-vthread-correlate/JVMTI-agent/libvthread_trace_agent.so=publish=jvmti 
# JMH version: 1.37
# VM version: JDK 21.0.12-internal, OpenJDK 64-Bit Server VM, 21.0.12-internal-adhoc.root.src
# VM invoker: /home/ubuntu/ebpf-vthread-correlate/.vthread-jdk/jdk/bin/java
# VM options: --enable-preview --enable-native-access=ALL-UNNAMED -XX:+VThreadTraceProbes -agentpath:/home/ubuntu/ebpf-vthread-correlate/JVMTI-agent/libvthread_trace_agent.so=publish=jvmti
# Blackhole mode: compiler (auto-detected, use -Djmh.blackhole.autoDetect=false to disable)
# Warmup: <none>
# Measurement: 5 iterations, 1 s each
# Timeout: 10 min per iteration
# Threads: 1 thread, will synchronize iterations
# Benchmark mode: Average time, time/op
# Benchmark: uk.ac.ncl.jensen.benchmark.VThreadParkUnparkBenchmark.parkUnpark_pingPong
# Parameters: (rounds = 10000)

# Run progress: 0.00% complete, ETA 00:00:05
# Fork: 1 of 1
[vthread-trace-agent] loading, options=publish=jvmti
[vthread-trace-agent] loaded
[vthread-trace-agent] found mount ext event: id=com.sun.hotspot.events.VirtualThreadMount index=48
[vthread-trace-agent] found unmount ext event: id=com.sun.hotspot.events.VirtualThreadUnmount index=47
[vthread-trace-agent] JVMTI mount/unmount publish enabled (carrier-resident TLS)
[vthread-trace-agent] ready (fieldID=0x1e2 methodID=0x713f00228178 publish_jvmti=1)
Iteration   1: 42650.600 us/op
Iteration   2: 34851.581 us/op
Iteration   3: 35211.277 us/op
Iteration   4: 35066.189 us/op
Iteration   5: 34108.027 us/op
[vthread-trace-agent] unloading


Result "uk.ac.ncl.jensen.benchmark.VThreadParkUnparkBenchmark.parkUnpark_pingPong":
  36377.535 ±(99.9%) 13601.868 us/op [Average]
  (min, avg, max) = (34108.027, 36377.535, 42650.600), stdev = 3532.362
  CI (99.9%): [22775.667, 49979.403] (assumes normal distribution)


# Run complete. Total time: 00:00:05

REMEMBER: The numbers below are just data. To gain reusable insights, you need to follow up on
why the numbers are the way they are. Use profilers (see -prof, -lprof), design factorial
experiments, perform baseline and negative tests that provide experimental control, make sure
the benchmarking environment is safe on JVM/OS/HW level, ask for reviews from the domain experts.
Do not assume the numbers tell you what you want them to tell.

NOTE: Current JVM experimentally supports Compiler Blackholes, and they are in use. Please exercise
extra caution when trusting the results, look into the generated code to check the benchmark still
works, and factor in a small probability of new VM bugs. Additionally, while comparisons between
different JVMs are already problematic, the performance difference caused by different Blackhole
modes can be very significant. Please make sure you use the consistent Blackhole mode for comparisons.

Benchmark                                       (rounds)  Mode  Cnt      Score       Error  Units
VThreadParkUnparkBenchmark.parkUnpark_pingPong     10000  avgt    5  36377.535 ± 13601.868  us/op

============================================================
COUNT MODE — time figures meaningless, counters only
  ops estimated from avgt iteration scores (~±1 op per 1s iteration)

  ops (measured iterations only, wi=0): 138
  @freeze_total=2752853  @thaw_total=2834448  @thaw_kind[0]=2752853
  @start_total=282  @end_total=282  @end_unmatched=0

COUNT RESULT: bench=parkunpark class=uk.ac.ncl.jensen.benchmark.VThreadParkUnparkBenchmark ops=138 freeze_total=2752853 thaw_total=2834448 thaw_top=2752853 start_total=282 end_total=282 end_unmatched=0 freezes_per_op=19948.2101 top_thaws_per_op=19948.2101 starts_per_op=2.0435 extra_jvmargs='-agentpath:/home/ubuntu/ebpf-vthread-correlate/JVMTI-agent/libvthread_trace_agent.so=publish=jvmti'
  (archived: /home/ubuntu/ebpf-vthread-correlate/result/benchmark/oslevel/COUNT-parkunpark-count-20260707-142451.txt)

RESULT: OK — COUNT mode counters harvested (time figures meaningless by design).
