measure-oslevel: A/C/B OS-level observation overhead  (DIRECTIONAL, VM-only — not citable)
  C - A = publish residual (expected ~0);  B - C = observation cost

JMH jar: /home/ubuntu/ebpf-vthread-correlate/target/ebpf-vthread-correlate-1.0-SNAPSHOT.jar
JDK:     /home/ubuntu/ebpf-vthread-correlate/.vthread-jdk/jdk
JAVA:    /home/ubuntu/ebpf-vthread-correlate/.vthread-jdk/jdk/bin/java
LIBJVM:  /home/ubuntu/ebpf-vthread-correlate/.vthread-jdk/jdk/lib/server/libjvm.so
BENCH:   transition
CLASS:   uk.ac.ncl.jensen.benchmark.VThreadTransitionBenchmark
SPEC:    jmh-defaults — no -f/-wi/-i passed (JMH 1.37: 5 forks, warmup 5x10s, measurement 5x10s)
OUT:     /home/ubuntu/ebpf-vthread-correlate/result/benchmark/oslevel
RUNINFO: /home/ubuntu/ebpf-vthread-correlate/result/benchmark/oslevel/RUNINFO-20260707-134232.txt
LOG:     /home/ubuntu/ebpf-vthread-correlate/result/benchmark/oslevel/measure-oslevel-transition-20260707-134232.log

A — baseline (flag off, no bpftrace)
  /home/ubuntu/ebpf-vthread-correlate/.vthread-jdk/jdk/bin/java -jar /home/ubuntu/ebpf-vthread-correlate/target/benchmarks.jar uk.ac.ncl.jensen.benchmark.VThreadTransitionBenchmark -jvmArgsAppend -XX:-VThreadTraceProbes 
# JMH version: 1.37
# VM version: JDK 21.0.12-internal, OpenJDK 64-Bit Server VM, 21.0.12-internal-adhoc.root.src
# VM invoker: /home/ubuntu/ebpf-vthread-correlate/.vthread-jdk/jdk/bin/java
# VM options: --enable-preview --enable-native-access=ALL-UNNAMED -XX:-VThreadTraceProbes
# Blackhole mode: compiler (auto-detected, use -Djmh.blackhole.autoDetect=false to disable)
# Warmup: 5 iterations, 10 s each
# Measurement: 5 iterations, 10 s each
# Timeout: 10 min per iteration
# Threads: 1 thread, will synchronize iterations
# Benchmark mode: Average time, time/op
# Benchmark: uk.ac.ncl.jensen.benchmark.VThreadTransitionBenchmark.transition_yield
# Parameters: (yieldsPerVthread = 10000)

# Run progress: 0.00% complete, ETA 00:08:20
# Fork: 1 of 5
# Warmup Iteration   1: 9462.933 us/op
# Warmup Iteration   2: 9108.864 us/op
# Warmup Iteration   3: 9265.768 us/op
# Warmup Iteration   4: 9239.529 us/op
# Warmup Iteration   5: 9262.443 us/op
Iteration   1: 9065.111 us/op
Iteration   2: 8874.795 us/op
Iteration   3: 8870.055 us/op
Iteration   4: 8888.700 us/op
Iteration   5: 8850.191 us/op

# Run progress: 20.00% complete, ETA 00:06:41
# Fork: 2 of 5
# Warmup Iteration   1: 8953.485 us/op
# Warmup Iteration   2: 8661.200 us/op
# Warmup Iteration   3: 8760.952 us/op
# Warmup Iteration   4: 8771.196 us/op
# Warmup Iteration   5: 8732.734 us/op
Iteration   1: 8476.301 us/op
Iteration   2: 8368.866 us/op
Iteration   3: 8358.049 us/op
Iteration   4: 8375.584 us/op
Iteration   5: 8393.543 us/op

# Run progress: 40.00% complete, ETA 00:05:00
# Fork: 3 of 5
# Warmup Iteration   1: 8909.562 us/op
# Warmup Iteration   2: 8715.880 us/op
# Warmup Iteration   3: 8809.177 us/op
# Warmup Iteration   4: 8819.813 us/op
# Warmup Iteration   5: 8798.238 us/op
Iteration   1: 8513.074 us/op
Iteration   2: 8525.069 us/op
Iteration   3: 8418.084 us/op
Iteration   4: 8470.573 us/op
Iteration   5: 8434.480 us/op

# Run progress: 60.00% complete, ETA 00:03:20
# Fork: 4 of 5
# Warmup Iteration   1: 9318.960 us/op
# Warmup Iteration   2: 8915.179 us/op
# Warmup Iteration   3: 9028.307 us/op
# Warmup Iteration   4: 9038.356 us/op
# Warmup Iteration   5: 9048.983 us/op
Iteration   1: 8739.888 us/op
Iteration   2: 8604.769 us/op
Iteration   3: 8555.548 us/op
Iteration   4: 8528.842 us/op
Iteration   5: 8584.239 us/op

# Run progress: 80.00% complete, ETA 00:01:40
# Fork: 5 of 5
# Warmup Iteration   1: 9081.663 us/op
# Warmup Iteration   2: 8865.247 us/op
# Warmup Iteration   3: 8937.005 us/op
# Warmup Iteration   4: 8904.350 us/op
# Warmup Iteration   5: 8894.869 us/op
Iteration   1: 8723.730 us/op
Iteration   2: 8634.511 us/op
Iteration   3: 8619.305 us/op
Iteration   4: 8632.914 us/op
Iteration   5: 8567.973 us/op


Result "uk.ac.ncl.jensen.benchmark.VThreadTransitionBenchmark.transition_yield":
  8602.968 ±(99.9%) 142.376 us/op [Average]
  (min, avg, max) = (8358.049, 8602.968, 9065.111), stdev = 190.068
  CI (99.9%): [8460.592, 8745.344] (assumes normal distribution)


# Run complete. Total time: 00:08:21

REMEMBER: The numbers below are just data. To gain reusable insights, you need to follow up on
why the numbers are the way they are. Use profilers (see -prof, -lprof), design factorial
experiments, perform baseline and negative tests that provide experimental control, make sure
the benchmarking environment is safe on JVM/OS/HW level, ask for reviews from the domain experts.
Do not assume the numbers tell you what you want them to tell.

NOTE: Current JVM experimentally supports Compiler Blackholes, and they are in use. Please exercise
extra caution when trusting the results, look into the generated code to check the benchmark still
works, and factor in a small probability of new VM bugs. Additionally, while comparisons between
different JVMs are already problematic, the performance difference caused by different Blackhole
modes can be very significant. Please make sure you use the consistent Blackhole mode for comparisons.

Benchmark                                    (yieldsPerVthread)  Mode  Cnt     Score     Error  Units
VThreadTransitionBenchmark.transition_yield               10000  avgt   25  8602.968 ± 142.376  us/op

C — publish-on (flag on, no consumer)
  /home/ubuntu/ebpf-vthread-correlate/.vthread-jdk/jdk/bin/java -jar /home/ubuntu/ebpf-vthread-correlate/target/benchmarks.jar uk.ac.ncl.jensen.benchmark.VThreadTransitionBenchmark -jvmArgsAppend -XX:+VThreadTraceProbes 
# JMH version: 1.37
# VM version: JDK 21.0.12-internal, OpenJDK 64-Bit Server VM, 21.0.12-internal-adhoc.root.src
# VM invoker: /home/ubuntu/ebpf-vthread-correlate/.vthread-jdk/jdk/bin/java
# VM options: --enable-preview --enable-native-access=ALL-UNNAMED -XX:+VThreadTraceProbes
# Blackhole mode: compiler (auto-detected, use -Djmh.blackhole.autoDetect=false to disable)
# Warmup: 5 iterations, 10 s each
# Measurement: 5 iterations, 10 s each
# Timeout: 10 min per iteration
# Threads: 1 thread, will synchronize iterations
# Benchmark mode: Average time, time/op
# Benchmark: uk.ac.ncl.jensen.benchmark.VThreadTransitionBenchmark.transition_yield
# Parameters: (yieldsPerVthread = 10000)

# Run progress: 0.00% complete, ETA 00:08:20
# Fork: 1 of 5
# Warmup Iteration   1: 8927.485 us/op
# Warmup Iteration   2: 8819.301 us/op
# Warmup Iteration   3: 8929.027 us/op
# Warmup Iteration   4: 8875.913 us/op
# Warmup Iteration   5: 8851.233 us/op
Iteration   1: 8646.084 us/op
Iteration   2: 8553.607 us/op
Iteration   3: 8602.801 us/op
Iteration   4: 8551.061 us/op
Iteration   5: 8569.548 us/op

# Run progress: 20.00% complete, ETA 00:06:41
# Fork: 2 of 5
# Warmup Iteration   1: 9030.407 us/op
# Warmup Iteration   2: 8669.122 us/op
# Warmup Iteration   3: 8764.118 us/op
# Warmup Iteration   4: 8806.131 us/op
# Warmup Iteration   5: 8766.316 us/op
Iteration   1: 8618.793 us/op
Iteration   2: 8614.365 us/op
Iteration   3: 8612.476 us/op
Iteration   4: 8649.242 us/op
Iteration   5: 8689.809 us/op

# Run progress: 40.00% complete, ETA 00:05:00
# Fork: 3 of 5
# Warmup Iteration   1: 9649.512 us/op
# Warmup Iteration   2: 9312.077 us/op
# Warmup Iteration   3: 9400.702 us/op
# Warmup Iteration   4: 9399.027 us/op
# Warmup Iteration   5: 9400.568 us/op
Iteration   1: 9241.524 us/op
Iteration   2: 9085.984 us/op
Iteration   3: 9119.010 us/op
Iteration   4: 9082.032 us/op
Iteration   5: 9066.475 us/op

# Run progress: 60.00% complete, ETA 00:03:20
# Fork: 4 of 5
# Warmup Iteration   1: 9215.998 us/op
# Warmup Iteration   2: 8886.112 us/op
# Warmup Iteration   3: 9039.665 us/op
# Warmup Iteration   4: 9046.141 us/op
# Warmup Iteration   5: 8897.948 us/op
Iteration   1: 8648.600 us/op
Iteration   2: 8516.459 us/op
Iteration   3: 8484.598 us/op
Iteration   4: 8551.024 us/op
Iteration   5: 8479.918 us/op

# Run progress: 80.00% complete, ETA 00:01:40
# Fork: 5 of 5
# Warmup Iteration   1: 9571.657 us/op
# Warmup Iteration   2: 9328.365 us/op
# Warmup Iteration   3: 9434.208 us/op
# Warmup Iteration   4: 9572.122 us/op
# Warmup Iteration   5: 9438.370 us/op
Iteration   1: 9021.042 us/op
Iteration   2: 8898.597 us/op
Iteration   3: 8935.870 us/op
Iteration   4: 8991.439 us/op
Iteration   5: 9065.195 us/op


Result "uk.ac.ncl.jensen.benchmark.VThreadTransitionBenchmark.transition_yield":
  8771.822 ±(99.9%) 183.241 us/op [Average]
  (min, avg, max) = (8479.918, 8771.822, 9241.524), stdev = 244.622
  CI (99.9%): [8588.581, 8955.063] (assumes normal distribution)


# Run complete. Total time: 00:08:21

REMEMBER: The numbers below are just data. To gain reusable insights, you need to follow up on
why the numbers are the way they are. Use profilers (see -prof, -lprof), design factorial
experiments, perform baseline and negative tests that provide experimental control, make sure
the benchmarking environment is safe on JVM/OS/HW level, ask for reviews from the domain experts.
Do not assume the numbers tell you what you want them to tell.

NOTE: Current JVM experimentally supports Compiler Blackholes, and they are in use. Please exercise
extra caution when trusting the results, look into the generated code to check the benchmark still
works, and factor in a small probability of new VM bugs. Additionally, while comparisons between
different JVMs are already problematic, the performance difference caused by different Blackhole
modes can be very significant. Please make sure you use the consistent Blackhole mode for comparisons.

Benchmark                                    (yieldsPerVthread)  Mode  Cnt     Score     Error  Units
VThreadTransitionBenchmark.transition_yield               10000  avgt   25  8771.822 ± 183.241  us/op

B — observed (flag on, cropped bpftrace attached by libjvm path)
  bpftrace attached after 1s via libjvm path — no -c, no PID scope

  /home/ubuntu/ebpf-vthread-correlate/.vthread-jdk/jdk/bin/java -jar /home/ubuntu/ebpf-vthread-correlate/target/benchmarks.jar uk.ac.ncl.jensen.benchmark.VThreadTransitionBenchmark -jvmArgsAppend -XX:+VThreadTraceProbes 
# JMH version: 1.37
# VM version: JDK 21.0.12-internal, OpenJDK 64-Bit Server VM, 21.0.12-internal-adhoc.root.src
# VM invoker: /home/ubuntu/ebpf-vthread-correlate/.vthread-jdk/jdk/bin/java
# VM options: --enable-preview --enable-native-access=ALL-UNNAMED -XX:+VThreadTraceProbes
# Blackhole mode: compiler (auto-detected, use -Djmh.blackhole.autoDetect=false to disable)
# Warmup: 5 iterations, 10 s each
# Measurement: 5 iterations, 10 s each
# Timeout: 10 min per iteration
# Threads: 1 thread, will synchronize iterations
# Benchmark mode: Average time, time/op
# Benchmark: uk.ac.ncl.jensen.benchmark.VThreadTransitionBenchmark.transition_yield
# Parameters: (yieldsPerVthread = 10000)

# Run progress: 0.00% complete, ETA 00:08:20
# Fork: 1 of 5
# Warmup Iteration   1: 16514.965 us/op
# Warmup Iteration   2: 16357.528 us/op
# Warmup Iteration   3: 16163.954 us/op
# Warmup Iteration   4: 16242.586 us/op
# Warmup Iteration   5: 16122.687 us/op
Iteration   1: 16080.552 us/op
Iteration   2: 16162.761 us/op
Iteration   3: 16093.063 us/op
Iteration   4: 16254.037 us/op
Iteration   5: 16075.680 us/op

# Run progress: 20.00% complete, ETA 00:06:41
# Fork: 2 of 5
# Warmup Iteration   1: 16835.006 us/op
# Warmup Iteration   2: 16693.261 us/op
# Warmup Iteration   3: 16544.005 us/op
# Warmup Iteration   4: 16467.365 us/op
# Warmup Iteration   5: 16586.311 us/op
Iteration   1: 16682.916 us/op
Iteration   2: 16672.538 us/op
Iteration   3: 16670.072 us/op
Iteration   4: 16642.485 us/op
Iteration   5: 16744.941 us/op

# Run progress: 40.00% complete, ETA 00:05:00
# Fork: 3 of 5
# Warmup Iteration   1: 16987.581 us/op
# Warmup Iteration   2: 16593.661 us/op
# Warmup Iteration   3: 16539.195 us/op
# Warmup Iteration   4: 16732.515 us/op
# Warmup Iteration   5: 16711.012 us/op
Iteration   1: 16767.884 us/op
Iteration   2: 16706.642 us/op
Iteration   3: 16789.782 us/op
Iteration   4: 16733.574 us/op
Iteration   5: 16694.177 us/op

# Run progress: 60.00% complete, ETA 00:03:20
# Fork: 4 of 5
# Warmup Iteration   1: 16723.898 us/op
# Warmup Iteration   2: 16603.730 us/op
# Warmup Iteration   3: 16633.838 us/op
# Warmup Iteration   4: 16464.708 us/op
# Warmup Iteration   5: 16746.837 us/op
Iteration   1: 16737.883 us/op
Iteration   2: 16680.437 us/op
Iteration   3: 16689.032 us/op
Iteration   4: 16703.623 us/op
Iteration   5: 16621.444 us/op

# Run progress: 80.00% complete, ETA 00:01:40
# Fork: 5 of 5
# Warmup Iteration   1: 16652.241 us/op
# Warmup Iteration   2: 16595.140 us/op
# Warmup Iteration   3: 16532.737 us/op
# Warmup Iteration   4: 16380.903 us/op
# Warmup Iteration   5: 16308.584 us/op
Iteration   1: 16557.142 us/op
Iteration   2: 16485.711 us/op
Iteration   3: 16282.435 us/op
Iteration   4: 16172.522 us/op
Iteration   5: 15974.247 us/op


Result "uk.ac.ncl.jensen.benchmark.VThreadTransitionBenchmark.transition_yield":
  16507.023 ±(99.9%) 203.615 us/op [Average]
  (min, avg, max) = (15974.247, 16507.023, 16789.782), stdev = 271.821
  CI (99.9%): [16303.408, 16710.639] (assumes normal distribution)


# Run complete. Total time: 00:08:21

REMEMBER: The numbers below are just data. To gain reusable insights, you need to follow up on
why the numbers are the way they are. Use profilers (see -prof, -lprof), design factorial
experiments, perform baseline and negative tests that provide experimental control, make sure
the benchmarking environment is safe on JVM/OS/HW level, ask for reviews from the domain experts.
Do not assume the numbers tell you what you want them to tell.

NOTE: Current JVM experimentally supports Compiler Blackholes, and they are in use. Please exercise
extra caution when trusting the results, look into the generated code to check the benchmark still
works, and factor in a small probability of new VM bugs. Additionally, while comparisons between
different JVMs are already problematic, the performance difference caused by different Blackhole
modes can be very significant. Please make sure you use the consistent Blackhole mode for comparisons.

Benchmark                                    (yieldsPerVthread)  Mode  Cnt      Score     Error  Units
VThreadTransitionBenchmark.transition_yield               10000  avgt   25  16507.023 ± 203.615  us/op

============================================================
Summary — DIRECTIONAL, VM-only — NOT citable as absolute overhead
  C - A = publish residual (expected ~0);  B - C = observation cost

  A  baseline   : 8602.968 us/op   (directional, VM-only — not citable)
  C  publish-on : 8771.822 us/op   (directional, VM-only — not citable)
  B  observed   : 16507.023 us/op   (directional, VM-only — not citable)

  C - A  publish residual : 168.854 us/op   (directional, VM-only — not citable)
  B - C  observation cost : 7735.201 us/op   (directional, VM-only — not citable)

  probe firings in forked JVM: @freeze_total=302840000  @thaw_total=303242650  @start_total=30284  @end_total=30284  @end_unmatched=0

RESULT: OK — orchestration validated (probes fired in the forked child JVM).
