measure-oslevel: A/C/B OS-level observation overhead  (DIRECTIONAL, VM-only — not citable)
  C - A = publish residual (expected ~0);  B - C = observation cost

JMH jar: /home/ubuntu/ebpf-vthread-correlate/target/ebpf-vthread-correlate-1.0-SNAPSHOT.jar
JDK:     /home/ubuntu/ebpf-vthread-correlate/.vthread-jdk/jdk
JAVA:    /home/ubuntu/ebpf-vthread-correlate/.vthread-jdk/jdk/bin/java
LIBJVM:  /home/ubuntu/ebpf-vthread-correlate/.vthread-jdk/jdk/lib/server/libjvm.so
BENCH:   churn
CLASS:   uk.ac.ncl.jensen.benchmark.VThreadChurnBenchmark
WI/I:    3 / 5   (small — orchestration check only)
RUN_B:   0   (A/C only — no observed state, no probe self-check this run)
OUT:     /home/ubuntu/ebpf-vthread-correlate/result/benchmark/oslevel
RUNINFO: /home/ubuntu/ebpf-vthread-correlate/result/benchmark/oslevel/RUNINFO-20260705-201828.txt
LOG:     /home/ubuntu/ebpf-vthread-correlate/result/benchmark/oslevel/measure-oslevel-churn-20260705-201828.log

A — baseline (flag off, no bpftrace)
  /home/ubuntu/ebpf-vthread-correlate/.vthread-jdk/jdk/bin/java -jar /home/ubuntu/ebpf-vthread-correlate/target/benchmarks.jar uk.ac.ncl.jensen.benchmark.VThreadChurnBenchmark -f 2 -wi 3 -i 5 -jvmArgsAppend -XX:-VThreadTraceProbes 
# JMH version: 1.37
# VM version: JDK 21.0.12-internal, OpenJDK 64-Bit Server VM, 21.0.12-internal-adhoc.root.src
# VM invoker: /home/ubuntu/ebpf-vthread-correlate/.vthread-jdk/jdk/bin/java
# VM options: --enable-preview --enable-native-access=ALL-UNNAMED -XX:-VThreadTraceProbes
# Blackhole mode: compiler (auto-detected, use -Djmh.blackhole.autoDetect=false to disable)
# Warmup: 3 iterations, 1 s each
# Measurement: 5 iterations, 1 s each
# Timeout: 10 min per iteration
# Threads: 1 thread, will synchronize iterations
# Benchmark mode: Average time, time/op
# Benchmark: uk.ac.ncl.jensen.benchmark.VThreadChurnBenchmark.churn
# Parameters: (vthreadsPerOp = 1000)

# Run progress: 0.00% complete, ETA 00:00:16
# Fork: 1 of 2
# Warmup Iteration   1: 427.524 us/op
# Warmup Iteration   2: 460.628 us/op
# Warmup Iteration   3: 387.051 us/op
Iteration   1: 304.849 us/op
Iteration   2: 268.957 us/op
Iteration   3: 271.007 us/op
Iteration   4: 270.491 us/op
Iteration   5: 272.572 us/op

# Run progress: 50.00% complete, ETA 00:00:08
# Fork: 2 of 2
# Warmup Iteration   1: 431.846 us/op
# Warmup Iteration   2: 418.390 us/op
# Warmup Iteration   3: 355.683 us/op
Iteration   1: 350.216 us/op
Iteration   2: 354.524 us/op
Iteration   3: 349.098 us/op
Iteration   4: 356.058 us/op
Iteration   5: 362.276 us/op


Result "uk.ac.ncl.jensen.benchmark.VThreadChurnBenchmark.churn":
  316.005 ±(99.9%) 63.376 us/op [Average]
  (min, avg, max) = (268.957, 316.005, 362.276), stdev = 41.920
  CI (99.9%): [252.628, 379.381] (assumes normal distribution)


# Run complete. Total time: 00:00:16

REMEMBER: The numbers below are just data. To gain reusable insights, you need to follow up on
why the numbers are the way they are. Use profilers (see -prof, -lprof), design factorial
experiments, perform baseline and negative tests that provide experimental control, make sure
the benchmarking environment is safe on JVM/OS/HW level, ask for reviews from the domain experts.
Do not assume the numbers tell you what you want them to tell.

NOTE: Current JVM experimentally supports Compiler Blackholes, and they are in use. Please exercise
extra caution when trusting the results, look into the generated code to check the benchmark still
works, and factor in a small probability of new VM bugs. Additionally, while comparisons between
different JVMs are already problematic, the performance difference caused by different Blackhole
modes can be very significant. Please make sure you use the consistent Blackhole mode for comparisons.

Benchmark                    (vthreadsPerOp)  Mode  Cnt    Score    Error  Units
VThreadChurnBenchmark.churn             1000  avgt   10  316.005 ± 63.376  us/op

C — publish-on (flag on, no consumer)
  /home/ubuntu/ebpf-vthread-correlate/.vthread-jdk/jdk/bin/java -jar /home/ubuntu/ebpf-vthread-correlate/target/benchmarks.jar uk.ac.ncl.jensen.benchmark.VThreadChurnBenchmark -f 2 -wi 3 -i 5 -jvmArgsAppend -XX:+VThreadTraceProbes 
# JMH version: 1.37
# VM version: JDK 21.0.12-internal, OpenJDK 64-Bit Server VM, 21.0.12-internal-adhoc.root.src
# VM invoker: /home/ubuntu/ebpf-vthread-correlate/.vthread-jdk/jdk/bin/java
# VM options: --enable-preview --enable-native-access=ALL-UNNAMED -XX:+VThreadTraceProbes
# Blackhole mode: compiler (auto-detected, use -Djmh.blackhole.autoDetect=false to disable)
# Warmup: 3 iterations, 1 s each
# Measurement: 5 iterations, 1 s each
# Timeout: 10 min per iteration
# Threads: 1 thread, will synchronize iterations
# Benchmark mode: Average time, time/op
# Benchmark: uk.ac.ncl.jensen.benchmark.VThreadChurnBenchmark.churn
# Parameters: (vthreadsPerOp = 1000)

# Run progress: 0.00% complete, ETA 00:00:16
# Fork: 1 of 2
# Warmup Iteration   1: 334.369 us/op
# Warmup Iteration   2: 399.076 us/op
# Warmup Iteration   3: 378.334 us/op
Iteration   1: 374.023 us/op
Iteration   2: 314.037 us/op
Iteration   3: 292.860 us/op
Iteration   4: 291.622 us/op
Iteration   5: 287.769 us/op

# Run progress: 50.00% complete, ETA 00:00:08
# Fork: 2 of 2
# Warmup Iteration   1: 429.216 us/op
# Warmup Iteration   2: 369.164 us/op
# Warmup Iteration   3: 283.173 us/op
Iteration   1: 288.121 us/op
Iteration   2: 349.965 us/op
Iteration   3: 374.323 us/op
Iteration   4: 308.356 us/op
Iteration   5: 283.614 us/op


Result "uk.ac.ncl.jensen.benchmark.VThreadChurnBenchmark.churn":
  316.469 ±(99.9%) 54.592 us/op [Average]
  (min, avg, max) = (283.614, 316.469, 374.323), stdev = 36.109
  CI (99.9%): [261.877, 371.061] (assumes normal distribution)


# Run complete. Total time: 00:00:16

REMEMBER: The numbers below are just data. To gain reusable insights, you need to follow up on
why the numbers are the way they are. Use profilers (see -prof, -lprof), design factorial
experiments, perform baseline and negative tests that provide experimental control, make sure
the benchmarking environment is safe on JVM/OS/HW level, ask for reviews from the domain experts.
Do not assume the numbers tell you what you want them to tell.

NOTE: Current JVM experimentally supports Compiler Blackholes, and they are in use. Please exercise
extra caution when trusting the results, look into the generated code to check the benchmark still
works, and factor in a small probability of new VM bugs. Additionally, while comparisons between
different JVMs are already problematic, the performance difference caused by different Blackhole
modes can be very significant. Please make sure you use the consistent Blackhole mode for comparisons.

Benchmark                    (vthreadsPerOp)  Mode  Cnt    Score    Error  Units
VThreadChurnBenchmark.churn             1000  avgt   10  316.469 ± 54.592  us/op

============================================================
Summary — DIRECTIONAL, VM-only — NOT citable as absolute overhead
  C - A = publish residual (expected ~0);  B - C = observation cost

  A  baseline   : 316.005 us/op   (directional, VM-only — not citable)
  C  publish-on : 316.469 us/op   (directional, VM-only — not citable)

  C - A  publish residual : 0.464 us/op   (directional, VM-only — not citable)

  (RUN_B=0: no observed state — no probe-firing counters this run)

RESULT: OK — A/C states completed (RUN_B=0: B skipped, no probe self-check — pair with a COUNT run). Still directional/VM-only.
