measure-oslevel: A/C/B OS-level observation overhead  (DIRECTIONAL, VM-only — not citable)
  C - A = publish residual (expected ~0);  B - C = observation cost

JMH jar: /home/ubuntu/ebpf-vthread-correlate/target/ebpf-vthread-correlate-1.0-SNAPSHOT.jar
JDK:     /home/ubuntu/ebpf-vthread-correlate/.vthread-jdk/jdk
JAVA:    /home/ubuntu/ebpf-vthread-correlate/.vthread-jdk/jdk/bin/java
LIBJVM:  /home/ubuntu/ebpf-vthread-correlate/.vthread-jdk/jdk/lib/server/libjvm.so
BENCH:   transition
CLASS:   uk.ac.ncl.jensen.benchmark.VThreadTransitionBenchmark
WI/I:    3 / 5   (small — orchestration check only)
OUT:     /home/ubuntu/ebpf-vthread-correlate/result/benchmark/oslevel
RUNINFO: /home/ubuntu/ebpf-vthread-correlate/result/benchmark/oslevel/RUNINFO-20260705-201731.txt
LOG:     /home/ubuntu/ebpf-vthread-correlate/result/benchmark/oslevel/measure-oslevel-transition-20260705-201731.log

A — baseline (flag off, no bpftrace)
  /home/ubuntu/ebpf-vthread-correlate/.vthread-jdk/jdk/bin/java -jar /home/ubuntu/ebpf-vthread-correlate/target/benchmarks.jar uk.ac.ncl.jensen.benchmark.VThreadTransitionBenchmark -f 2 -wi 3 -i 5 -jvmArgsAppend -XX:-VThreadTraceProbes 
# JMH version: 1.37
# VM version: JDK 21.0.12-internal, OpenJDK 64-Bit Server VM, 21.0.12-internal-adhoc.root.src
# VM invoker: /home/ubuntu/ebpf-vthread-correlate/.vthread-jdk/jdk/bin/java
# VM options: --enable-preview --enable-native-access=ALL-UNNAMED -XX:-VThreadTraceProbes
# Blackhole mode: compiler (auto-detected, use -Djmh.blackhole.autoDetect=false to disable)
# Warmup: 3 iterations, 1 s each
# Measurement: 5 iterations, 1 s each
# Timeout: 10 min per iteration
# Threads: 1 thread, will synchronize iterations
# Benchmark mode: Average time, time/op
# Benchmark: uk.ac.ncl.jensen.benchmark.VThreadTransitionBenchmark.transition_yield
# Parameters: (yieldsPerVthread = 10000)

# Run progress: 0.00% complete, ETA 00:00:16
# Fork: 1 of 2
# Warmup Iteration   1: 11421.878 us/op
# Warmup Iteration   2: 8966.087 us/op
# Warmup Iteration   3: 8511.884 us/op
Iteration   1: 8540.179 us/op
Iteration   2: 8602.647 us/op
Iteration   3: 8603.257 us/op
Iteration   4: 8660.513 us/op
Iteration   5: 8646.143 us/op

# Run progress: 50.00% complete, ETA 00:00:08
# Fork: 2 of 2
# Warmup Iteration   1: 10504.140 us/op
# Warmup Iteration   2: 8539.911 us/op
# Warmup Iteration   3: 8597.916 us/op
Iteration   1: 8644.324 us/op
Iteration   2: 8739.119 us/op
Iteration   3: 8865.969 us/op
Iteration   4: 8824.585 us/op
Iteration   5: 8862.845 us/op


Result "uk.ac.ncl.jensen.benchmark.VThreadTransitionBenchmark.transition_yield":
  8698.958 ±(99.9%) 176.775 us/op [Average]
  (min, avg, max) = (8540.179, 8698.958, 8865.969), stdev = 116.926
  CI (99.9%): [8522.183, 8875.733] (assumes normal distribution)


# Run complete. Total time: 00:00:16

REMEMBER: The numbers below are just data. To gain reusable insights, you need to follow up on
why the numbers are the way they are. Use profilers (see -prof, -lprof), design factorial
experiments, perform baseline and negative tests that provide experimental control, make sure
the benchmarking environment is safe on JVM/OS/HW level, ask for reviews from the domain experts.
Do not assume the numbers tell you what you want them to tell.

NOTE: Current JVM experimentally supports Compiler Blackholes, and they are in use. Please exercise
extra caution when trusting the results, look into the generated code to check the benchmark still
works, and factor in a small probability of new VM bugs. Additionally, while comparisons between
different JVMs are already problematic, the performance difference caused by different Blackhole
modes can be very significant. Please make sure you use the consistent Blackhole mode for comparisons.

Benchmark                                    (yieldsPerVthread)  Mode  Cnt     Score     Error  Units
VThreadTransitionBenchmark.transition_yield               10000  avgt   10  8698.958 ± 176.775  us/op

C — publish-on (flag on, no consumer)
  /home/ubuntu/ebpf-vthread-correlate/.vthread-jdk/jdk/bin/java -jar /home/ubuntu/ebpf-vthread-correlate/target/benchmarks.jar uk.ac.ncl.jensen.benchmark.VThreadTransitionBenchmark -f 2 -wi 3 -i 5 -jvmArgsAppend -XX:+VThreadTraceProbes 
# JMH version: 1.37
# VM version: JDK 21.0.12-internal, OpenJDK 64-Bit Server VM, 21.0.12-internal-adhoc.root.src
# VM invoker: /home/ubuntu/ebpf-vthread-correlate/.vthread-jdk/jdk/bin/java
# VM options: --enable-preview --enable-native-access=ALL-UNNAMED -XX:+VThreadTraceProbes
# Blackhole mode: compiler (auto-detected, use -Djmh.blackhole.autoDetect=false to disable)
# Warmup: 3 iterations, 1 s each
# Measurement: 5 iterations, 1 s each
# Timeout: 10 min per iteration
# Threads: 1 thread, will synchronize iterations
# Benchmark mode: Average time, time/op
# Benchmark: uk.ac.ncl.jensen.benchmark.VThreadTransitionBenchmark.transition_yield
# Parameters: (yieldsPerVthread = 10000)

# Run progress: 0.00% complete, ETA 00:00:16
# Fork: 1 of 2
# Warmup Iteration   1: 11703.991 us/op
# Warmup Iteration   2: 9439.313 us/op
# Warmup Iteration   3: 9005.082 us/op
Iteration   1: 8856.068 us/op
Iteration   2: 9048.613 us/op
Iteration   3: 9231.390 us/op
Iteration   4: 9252.158 us/op
Iteration   5: 9279.047 us/op

# Run progress: 50.00% complete, ETA 00:00:08
# Fork: 2 of 2
# Warmup Iteration   1: 9963.658 us/op
# Warmup Iteration   2: 8687.235 us/op
# Warmup Iteration   3: 8691.926 us/op
Iteration   1: 8699.897 us/op
Iteration   2: 8842.771 us/op
Iteration   3: 8989.349 us/op
Iteration   4: 8956.480 us/op
Iteration   5: 8954.802 us/op


Result "uk.ac.ncl.jensen.benchmark.VThreadTransitionBenchmark.transition_yield":
  9011.058 ±(99.9%) 291.981 us/op [Average]
  (min, avg, max) = (8699.897, 9011.058, 9279.047), stdev = 193.127
  CI (99.9%): [8719.077, 9303.038] (assumes normal distribution)


# Run complete. Total time: 00:00:16

REMEMBER: The numbers below are just data. To gain reusable insights, you need to follow up on
why the numbers are the way they are. Use profilers (see -prof, -lprof), design factorial
experiments, perform baseline and negative tests that provide experimental control, make sure
the benchmarking environment is safe on JVM/OS/HW level, ask for reviews from the domain experts.
Do not assume the numbers tell you what you want them to tell.

NOTE: Current JVM experimentally supports Compiler Blackholes, and they are in use. Please exercise
extra caution when trusting the results, look into the generated code to check the benchmark still
works, and factor in a small probability of new VM bugs. Additionally, while comparisons between
different JVMs are already problematic, the performance difference caused by different Blackhole
modes can be very significant. Please make sure you use the consistent Blackhole mode for comparisons.

Benchmark                                    (yieldsPerVthread)  Mode  Cnt     Score     Error  Units
VThreadTransitionBenchmark.transition_yield               10000  avgt   10  9011.058 ± 291.981  us/op

B — observed (flag on, cropped bpftrace attached by libjvm path)
  bpftrace attached after 1s via libjvm path — no -c, no PID scope

  /home/ubuntu/ebpf-vthread-correlate/.vthread-jdk/jdk/bin/java -jar /home/ubuntu/ebpf-vthread-correlate/target/benchmarks.jar uk.ac.ncl.jensen.benchmark.VThreadTransitionBenchmark -f 2 -wi 3 -i 5 -jvmArgsAppend -XX:+VThreadTraceProbes 
# JMH version: 1.37
# VM version: JDK 21.0.12-internal, OpenJDK 64-Bit Server VM, 21.0.12-internal-adhoc.root.src
# VM invoker: /home/ubuntu/ebpf-vthread-correlate/.vthread-jdk/jdk/bin/java
# VM options: --enable-preview --enable-native-access=ALL-UNNAMED -XX:+VThreadTraceProbes
# Blackhole mode: compiler (auto-detected, use -Djmh.blackhole.autoDetect=false to disable)
# Warmup: 3 iterations, 1 s each
# Measurement: 5 iterations, 1 s each
# Timeout: 10 min per iteration
# Threads: 1 thread, will synchronize iterations
# Benchmark mode: Average time, time/op
# Benchmark: uk.ac.ncl.jensen.benchmark.VThreadTransitionBenchmark.transition_yield
# Parameters: (yieldsPerVthread = 10000)

# Run progress: 0.00% complete, ETA 00:00:16
# Fork: 1 of 2
# Warmup Iteration   1: 18688.123 us/op
# Warmup Iteration   2: 16559.492 us/op
# Warmup Iteration   3: 16657.097 us/op
Iteration   1: 16592.437 us/op
Iteration   2: 16663.214 us/op
Iteration   3: 16637.029 us/op
Iteration   4: 16491.778 us/op
Iteration   5: 16491.283 us/op

# Run progress: 50.00% complete, ETA 00:00:08
# Fork: 2 of 2
# Warmup Iteration   1: 18340.896 us/op
# Warmup Iteration   2: 15860.430 us/op
# Warmup Iteration   3: 15792.576 us/op
Iteration   1: 15999.944 us/op
Iteration   2: 16134.144 us/op
Iteration   3: 16051.732 us/op
Iteration   4: 15890.933 us/op
Iteration   5: 15918.493 us/op


Result "uk.ac.ncl.jensen.benchmark.VThreadTransitionBenchmark.transition_yield":
  16287.099 ±(99.9%) 476.708 us/op [Average]
  (min, avg, max) = (15890.933, 16287.099, 16663.214), stdev = 315.313
  CI (99.9%): [15810.391, 16763.807] (assumes normal distribution)


# Run complete. Total time: 00:00:16

REMEMBER: The numbers below are just data. To gain reusable insights, you need to follow up on
why the numbers are the way they are. Use profilers (see -prof, -lprof), design factorial
experiments, perform baseline and negative tests that provide experimental control, make sure
the benchmarking environment is safe on JVM/OS/HW level, ask for reviews from the domain experts.
Do not assume the numbers tell you what you want them to tell.

NOTE: Current JVM experimentally supports Compiler Blackholes, and they are in use. Please exercise
extra caution when trusting the results, look into the generated code to check the benchmark still
works, and factor in a small probability of new VM bugs. Additionally, while comparisons between
different JVMs are already problematic, the performance difference caused by different Blackhole
modes can be very significant. Please make sure you use the consistent Blackhole mode for comparisons.

Benchmark                                    (yieldsPerVthread)  Mode  Cnt      Score     Error  Units
VThreadTransitionBenchmark.transition_yield               10000  avgt   10  16287.099 ± 476.708  us/op

============================================================
Summary — DIRECTIONAL, VM-only — NOT citable as absolute overhead
  C - A = publish residual (expected ~0);  B - C = observation cost

  A  baseline   : 8698.958 us/op   (directional, VM-only — not citable)
  C  publish-on : 9011.058 us/op   (directional, VM-only — not citable)
  B  observed   : 16287.099 us/op   (directional, VM-only — not citable)

  C - A  publish residual : 312.100 us/op   (directional, VM-only — not citable)
  B - C  observation cost : 7276.041 us/op   (directional, VM-only — not citable)

  probe firings in forked JVM: @freeze_total=9780000  @thaw_total=9939528  @start_total=978  @end_total=978  @end_unmatched=0

RESULT: OK — orchestration validated (probes fired in the -f 2 child). Still directional/VM-only.
